Component: ARM Compiler 5.06 update 4 (build 422) Tool: armlink [4d35d2]

==============================================================================

Section Cross References

    main.o(i.main) refers to rt_memclr.o(.text) for __aeabi_memclr4
    main.o(i.main) refers to autonetapis.o(.text) for Initial
    main.o(i.main) refers to stm32f0xx_it.o(.text) for setTimer
    main.o(i.main) refers to gpio.o(.text) for setGPIO
    main.o(i.main) refers to txrx.o(.text) for RF_Tx
    main.o(i.main) refers to main.o(.constdata) for .constdata
    txrx.o(.text) refers to us2400apis.o(.text) for Us2400Tx
    txrx.o(.text) refers to rt_memcpy.o(.text) for __aeabi_memcpy
    txrx.o(.text) refers to st.o(.data) for TimObj
    txrx.o(.text) refers to txrx.o(.data) for TimeoutFlag
    txrx.o(.text) refers to txrx.o(.bss) for Data
    gpio.o(.text) refers to gpio.o(i.__ARM_common_switch8) for __ARM_common_switch8
    gpio.o(.text) refers to stm32f0xx_gpio.o(.text) for GPIO_ReadInputDataBit
    stm32f0xx_it.o(.text) refers to stm32f0xx_usart.o(.text) for USART_GetITStatus
    stm32f0xx_it.o(.text) refers to stm32f0xx_exti.o(.text) for EXTI_GetITStatus
    stm32f0xx_it.o(.text) refers to us2400apis.o(.text) for Us2400ReadShortReg
    stm32f0xx_it.o(.text) refers to stm32f0xx_i2c.o(.text) for I2C_GetITStatus
    stm32f0xx_it.o(.text) refers to stm32f0xx_it.o(.bss) for timer_period
    stm32f0xx_it.o(.text) refers to stm32f0xx_it.o(.data) for timer_flag
    stm32f0xx_it.o(.text) refers to st.o(.data) for TimObj
    stm32f0xx_it.o(.text) refers to com.o(.bss) for UartRxBuffer
    stm32f0xx_it.o(.text) refers to com.o(.data) for UartRxCount
    stm32f0xx_it.o(.text) refers to txrx.o(.data) for RFTxState
    autonetapis.o(.text) refers to config.o(.text) for GPIO_Configuration
    autonetapis.o(.text) refers to st.o(.text) for ST_Configuration
    autonetapis.o(.text) refers to com.o(.text) for COM1_Configuration
    autonetapis.o(.text) refers to spi.o(.text) for SPI_Configuration
    autonetapis.o(.text) refers to i2c.o(.text) for I2C_Configuration
    autonetapis.o(.text) refers to stm32f0xx_lp_modes.o(.text) for SleepMode_config
    autonetapis.o(.text) refers to us2400apis.o(.text) for Us2400Init
    autonetapis.o(.text) refers to strlen.o(.text) for strlen
    autonetapis.o(.text) refers to rt_memclr.o(.text) for __aeabi_memclr
    autonetapis.o(.text) refers to autonetapis.o(.data) for _radioChannel
    stm32f0xx_gpio.o(.text) refers to stm32f0xx_rcc.o(.text) for RCC_AHBPeriphResetCmd
    stm32f0xx_i2c.o(.text) refers to stm32f0xx_rcc.o(.text) for RCC_APB1PeriphResetCmd
    stm32f0xx_usart.o(.text) refers to stm32f0xx_rcc.o(.text) for RCC_APB2PeriphResetCmd
    stm32f0xx_usart.o(.text) refers to aeabi_sdiv.o(.text) for __aeabi_uidivmod
    config.o(.text) refers to stm32f0xx_rcc.o(.text) for RCC_AHBPeriphClockCmd
    config.o(.text) refers to stm32f0xx_gpio.o(.text) for GPIO_Init
    config.o(.text) refers to stm32f0xx_syscfg.o(.text) for SYSCFG_EXTILineConfig
    config.o(.text) refers to stm32f0xx_exti.o(.text) for EXTI_Init
    config.o(.text) refers to stm32f0xx_misc.o(.text) for NVIC_Init
    config.o(.text) refers to st.o(.text) for Delay
    spi.o(.text) refers to stm32f0xx_rcc.o(.text) for RCC_AHBPeriphClockCmd
    spi.o(.text) refers to stm32f0xx_gpio.o(.text) for GPIO_Init
    spi.o(.text) refers to stm32f0xx_spi.o(.text) for SPI_Init
    spi.o(.text) refers to stm32f0xx_dma.o(.text) for DMA_DeInit
    i2c.o(.text) refers to stm32f0xx_misc.o(.text) for NVIC_Init
    i2c.o(.text) refers to stm32f0xx_rcc.o(.text) for RCC_AHBPeriphClockCmd
    i2c.o(.text) refers to stm32f0xx_gpio.o(.text) for GPIO_Init
    i2c.o(.text) refers to stm32f0xx_i2c.o(.text) for I2C_Init
    st.o(.text) refers to stm32f0xx_rcc.o(.text) for RCC_GetClocksFreq
    st.o(.text) refers to aeabi_sdiv.o(.text) for __aeabi_uidivmod
    st.o(.text) refers to st.o(.data) for TimObj
    com.o(.text) refers to stm32f0xx_misc.o(.text) for NVIC_Init
    com.o(.text) refers to stm32f0xx_usart.o(.text) for USART_DeInit
    com.o(.text) refers to stm32f0xx_rcc.o(.text) for RCC_AHBPeriphClockCmd
    com.o(.text) refers to stm32f0xx_gpio.o(.text) for GPIO_PinAFConfig
    com.o(.text) refers to rt_memcpy.o(.text) for __aeabi_memcpy
    com.o(.text) refers to com.o(.data) for UartTxState
    com.o(.text) refers to com.o(.bss) for UartTxBuffer
    us2400apis.o(.text) refers to rt_memclr.o(.text) for __aeabi_memclr
    us2400apis.o(.text) refers to spi.o(.text) for SPI_Proc
    us2400apis.o(.text) refers to aeabi_sdiv.o(.text) for __aeabi_idivmod
    us2400apis.o(.text) refers to st.o(.text) for Delay
    us2400apis.o(.text) refers to rt_memcpy.o(.text) for __aeabi_memcpy
    us2400apis.o(.text) refers to us2400apis.o(.bss) for Buffer
    us2400apis.o(.text) refers to us2400apis.o(.data) for BufferLen
    us2400apis.o(.text) refers to memcmp.o(.text) for memcmp
    stm32f0xx_lp_modes.o(.text) refers to stm32f0xx_rcc.o(.text) for RCC_APB1PeriphClockCmd
[...]
    Removing stm32f0xx_pwr.o(.revsh_text), (4 bytes).
    Removing stm32f0xx_rcc.o(.rev16_text), (4 bytes).
    Removing stm32f0xx_rcc.o(.revsh_text), (4 bytes).
    Removing stm32f0xx_rtc.o(.rev16_text), (4 bytes).
    Removing stm32f0xx_rtc.o(.revsh_text), (4 bytes).
    Removing stm32f0xx_spi.o(.rev16_text), (4 bytes).
    Removing stm32f0xx_spi.o(.revsh_text), (4 bytes).
    Removing stm32f0xx_syscfg.o(.rev16_text), (4 bytes).
    Removing stm32f0xx_syscfg.o(.revsh_text), (4 bytes).
    Removing system_stm32f0xx.o(.rev16_text), (4 bytes).
    Removing system_stm32f0xx.o(.revsh_text), (4 bytes).

48 unused section(s) (total 192 bytes) removed from the image.

==============================================================================

Image Symbol Table

    Local Symbols

    Symbol Name                              Value     Ov Type        Size  Object(Section)

    ../clib/angel/boardlib.s                 0x00000000   Number         0  boardshut.o ABSOLUTE
    ../clib/angel/boardlib.s                 0x00000000   Number         0  boardinit2.o ABSOLUTE
    ../clib/angel/boardlib.s                 0x00000000   Number         0  boardinit1.o ABSOLUTE
    ../clib/angel/boardlib.s                 0x00000000   Number         0  boardinit3.o ABSOLUTE
    ../clib/angel/handlers.s                 0x00000000   Number         0  __scatter_zi.o ABSOLUTE
    ../clib/angel/handlers.s                 0x00000000   Number         0  __scatter_copy.o ABSOLUTE
    ../clib/angel/kernel.s                   0x00000000   Number         0  __rtentry.o ABSOLUTE
    ../clib/angel/kernel.s                   0x00000000   Number         0  __rtentry2.o ABSOLUTE
    ../clib/angel/kernel.s                   0x00000000   Number         0  rtexit2.o ABSOLUTE
    ../clib/angel/kernel.s                   0x00000000   Number         0  rtexit.o ABSOLUTE
    ../clib/angel/kernel.s                   0x00000000   Number         0  __rtentry4.o ABSOLUTE
    ../clib/angel/rt.s                       0x00000000   Number         0  aeabi_idiv0.o ABSOLUTE
    ../clib/angel/rt.s                       0x00000000   Number         0  aeabi_idiv0_sigfpe.o ABSOLUTE
    ../clib/angel/rt.s                       0x00000000   Number         0  rt_div0.o ABSOLUTE
    ../clib/angel/rt.s                       0x00000000   Number         0  rt_raise.o ABSOLUTE
    ../clib/angel/scatterp.s                 0x00000000   Number         0  __scatter.o ABSOLUTE
    ../clib/angel/startup.s                  0x00000000   Number         0  __main.o ABSOLUTE
    ../clib/angel/sys.s                      0x00000000   Number         0  sys_stackheap_outer.o ABSOLUTE
    ../clib/angel/sys.s                      0x00000000   Number         0  libspace.o ABSOLUTE
    ../clib/angel/sys.s                      0x00000000   Number         0  tempstk.o ABSOLUTE
    ../clib/angel/sys.s                      0x00000000   Number         0  indicate_semi.o ABSOLUTE
    ../clib/angel/sys.s                      0x00000000   Number         0  use_no_semi.o ABSOLUTE
    ../clib/angel/sysapp.c                   0x00000000   Number         0  sys_wrch.o ABSOLUTE
    ../clib/angel/sysapp.c                   0x00000000   Number         0  sys_exit.o ABSOLUTE
    ../clib/angel/sysapp.c                   0x00000000   Number         0  sys_command.o ABSOLUTE
    ../clib/armsys.c                         0x00000000   Number         0  argv_veneer.o ABSOLUTE
    ../clib/armsys.c                         0x00000000   Number         0  no_argv.o ABSOLUTE
    ../clib/armsys.c                         0x00000000   Number         0  _get_argv_nomalloc.o ABSOLUTE
    ../clib/division.s                       0x00000000   Number         0  aeabi_sdiv.o ABSOLUTE
    ../clib/division.s                       0x00000000   Number         0  aeabi_sdiv_div0.o ABSOLUTE
    ../clib/heapalloc.c                      0x00000000   Number         0  hrguard.o ABSOLUTE
    ../clib/heapaux.c                        0x00000000   Number         0  heapauxi.o ABSOLUTE
    ../clib/libinit.s                        0x00000000   Number         0  libshutdown.o ABSOLUTE
    ../clib/libinit.s                        0x00000000   Number         0  libinit.o ABSOLUTE
    ../clib/libinit.s                        0x00000000   Number         0  libinit2.o ABSOLUTE
    ../clib/libinit.s                        0x00000000   Number         0  libshutdown2.o ABSOLUTE
    ../clib/memcpset.c                       0x00000000   Number         0  rt_memcpy.o ABSOLUTE
    ../clib/memcpset.c                       0x00000000   Number         0  rt_memcpy.o ABSOLUTE
    ../clib/memcpset.c                       0x00000000   Number         0  rt_memclr.o ABSOLUTE
    ../clib/signal.c                         0x00000000   Number         0  defsig_abrt_inner.o ABSOLUTE
    ../clib/signal.c                         0x00000000   Number         0  defsig_other.o ABSOLUTE
    ../clib/signal.c                         0x00000000   Number         0  defsig_segv_inner.o ABSOLUTE
    ../clib/signal.c                         0x00000000   Number         0  defsig_cppl_inner.o ABSOLUTE
    ../clib/signal.c                         0x00000000   Number         0  defsig_pvfn_inner.o ABSOLUTE
    ../clib/signal.c                         0x00000000   Number         0  defsig_stak_inner.o ABSOLUTE
    ../clib/signal.c                         0x00000000   Number         0  defsig_rtmem_formal.o ABSOLUTE
    ../clib/signal.c                         0x00000000   Number         0  defsig_fpe_formal.o ABSOLUTE
    ../clib/signal.c                         0x00000000   Number         0  defsig_exit.o ABSOLUTE
    ../clib/signal.c                         0x00000000   Number         0  defsig_rtmem_outer.o ABSOLUTE
    ../clib/signal.c                         0x00000000   Number         0  defsig_fpe_inner.o ABSOLUTE
    ../clib/signal.c                         0x00000000   Number         0  defsig_rtmem_inner.o ABSOLUTE
    ../clib/signal.c                         0x00000000   Number         0  defsig_rtred_inner.o ABSOLUTE
    ../clib/signal.c                         0x00000000   Number         0  defsig_fpe_outer.o ABSOLUTE
    ../clib/signal.c                         0x00000000   Number         0  __raise.o ABSOLUTE
    ../clib/signal.c                         0x00000000   Number         0  defsig_general.o ABSOLUTE
    ../clib/signal.s                         0x00000000   Number         0  defsig.o ABSOLUTE
    ../clib/stdlib.c                         0x00000000   Number         0  exit.o ABSOLUTE
    ../clib/string.c                         0x00000000   Number         0  memcmp.o ABSOLUTE
    ../clib/string.c                         0x00000000   Number         0  strlen.o ABSOLUTE
    ../fplib/cfplib/fpinit.c                 0x00000000   Number         0  fpinit.o ABSOLUTE
    ..\..\Libraries\CMSIS\Device\ST\STM32F0xx\Source\Templates\arm\startup_stm32f0xx.s 0x00000000   Number         0  startup_stm32f0xx.o ABSOLUTE
    ..\..\Libraries\STM32F0xx_StdPeriph_Driver\src\stm32f0xx_dma.c 0x00000000   Number         0  stm32f0xx_dma.o ABSOLUTE
    ..\..\Libraries\STM32F0xx_StdPeriph_Driver\src\stm32f0xx_exti.c 0x00000000   Number         0  stm32f0xx_exti.o ABSOLUTE
    ..\..\Libraries\STM32F0xx_StdPeriph_Driver\src\stm32f0xx_gpio.c 0x00000000   Number         0  stm32f0xx_gpio.o ABSOLUTE
    ..\..\Libraries\STM32F0xx_StdPeriph_Driver\src\stm32f0xx_i2c.c 0x00000000   Number         0  stm32f0xx_i2c.o ABSOLUTE
    ..\..\Libraries\STM32F0xx_StdPeriph_Driver\src\stm32f0xx_misc.c 0x00000000   Number         0  stm32f0xx_misc.o ABSOLUTE
    ..\..\Libraries\STM32F0xx_StdPeriph_Driver\src\stm32f0xx_pwr.c 0x00000000   Number         0  stm32f0xx_pwr.o ABSOLUTE
    ..\..\Libraries\STM32F0xx_StdPeriph_Driver\src\stm32f0xx_rcc.c 0x00000000   Number         0  stm32f0xx_rcc.o ABSOLUTE
    ..\..\Libraries\STM32F0xx_StdPeriph_Driver\src\stm32f0xx_rtc.c 0x00000000   Number         0  stm32f0xx_rtc.o ABSOLUTE
    ..\..\Libraries\STM32F0xx_StdPeriph_Driver\src\stm32f0xx_spi.c 0x00000000   Number         0  stm32f0xx_spi.o ABSOLUTE
    ..\..\Libraries\STM32F0xx_StdPeriph_Driver\src\stm32f0xx_syscfg.c 0x00000000   Number         0  stm32f0xx_syscfg.o ABSOLUTE
    ..\..\Libraries\STM32F0xx_StdPeriph_Driver\src\stm32f0xx_usart.c 0x00000000   Number         0  stm32f0xx_usart.o ABSOLUTE
    ..\DRV\autonetAPIs.c                     0x00000000   Number         0  autonetapis.o ABSOLUTE
    ..\DRV\us2400APIs.c                      0x00000000   Number         0  us2400apis.o ABSOLUTE
    ..\TxRx.c                                0x00000000   Number         0  txrx.o ABSOLUTE
    ..\\..\\Libraries\\STM32F0xx_StdPeriph_Driver\\src\\stm32f0xx_dma.c 0x00000000   Number         0  stm32f0xx_dma.o ABSOLUTE
    ..\\..\\Libraries\\STM32F0xx_StdPeriph_Driver\\src\\stm32f0xx_exti.c 0x00000000   Number         0  stm32f0xx_exti.o ABSOLUTE
    ..\\..\\Libraries\\STM32F0xx_StdPeriph_Driver\\src\\stm32f0xx_gpio.c 0x00000000   Number         0  stm32f0xx_gpio.o ABSOLUTE
    ..\\..\\Libraries\\STM32F0xx_StdPeriph_Driver\\src\\stm32f0xx_i2c.c 0x00000000   Number         0  stm32f0xx_i2c.o ABSOLUTE
    ..\\..\\Libraries\\STM32F0xx_StdPeriph_Driver\\src\\stm32f0xx_misc.c 0x00000000   Number         0  stm32f0xx_misc.o ABSOLUTE
    ..\\..\\Libraries\\STM32F0xx_StdPeriph_Driver\\src\\stm32f0xx_pwr.c 0x00000000   Number         0  stm32f0xx_pwr.o ABSOLUTE
    ..\\..\\Libraries\\STM32F0xx_StdPeriph_Driver\\src\\stm32f0xx_rcc.c 0x00000000   Number         0  stm32f0xx_rcc.o ABSOLUTE
    ..\\..\\Libraries\\STM32F0xx_StdPeriph_Driver\\src\\stm32f0xx_rtc.c 0x00000000   Number         0  stm32f0xx_rtc.o ABSOLUTE
    ..\\..\\Libraries\\STM32F0xx_StdPeriph_Driver\\src\\stm32f0xx_spi.c 0x00000000   Number         0  stm32f0xx_spi.o ABSOLUTE
    ..\\..\\Libraries\\STM32F0xx_StdPeriph_Driver\\src\\stm32f0xx_syscfg.c 0x00000000   Number         0  stm32f0xx_syscfg.o ABSOLUTE
    ..\\..\\Libraries\\STM32F0xx_StdPeriph_Driver\\src\\stm32f0xx_usart.c 0x00000000   Number         0  stm32f0xx_usart.o ABSOLUTE
    ..\\DRV\\autonetAPIs.c                   0x00000000   Number         0  autonetapis.o ABSOLUTE
    ..\\DRV\\us2400APIs.c                    0x00000000   Number         0  us2400apis.o ABSOLUTE
    ..\\TxRx.c                               0x00000000   Number         0  txrx.o ABSOLUTE
    ..\\com.c                                0x00000000   Number         0  com.o ABSOLUTE
    ..\\config.c                             0x00000000   Number         0  config.o ABSOLUTE
    ..\\gpio.c                               0x00000000   Number         0  gpio.o ABSOLUTE
    ..\\i2c.c                                0x00000000   Number         0  i2c.o ABSOLUTE
    ..\\spi.c                                0x00000000   Number         0  spi.o ABSOLUTE
    ..\\st.c                                 0x00000000   Number         0  st.o ABSOLUTE
    ..\\stm32f0xx_it.c                       0x00000000   Number         0  stm32f0xx_it.o ABSOLUTE
    ..\\stm32f0xx_lp_modes.c                 0x00000000   Number         0  stm32f0xx_lp_modes.o ABSOLUTE
    ..\\system_stm32f0xx.c                   0x00000000   Number         0  system_stm32f0xx.o ABSOLUTE
    ..\com.c                                 0x00000000   Number         0  com.o ABSOLUTE
    ..\config.c                              0x00000000   Number         0  config.o ABSOLUTE
    ..\gpio.c                                0x00000000   Number         0  gpio.o ABSOLUTE
    ..\i2c.c                                 0x00000000   Number         0  i2c.o ABSOLUTE
    ..\spi.c                                 0x00000000   Number         0  spi.o ABSOLUTE
    ..\st.c                                  0x00000000   Number         0  st.o ABSOLUTE
    ..\stm32f0xx_it.c                        0x00000000   Number         0  stm32f0xx_it.o ABSOLUTE
    ..\stm32f0xx_lp_modes.c                  0x00000000   Number         0  stm32f0xx_lp_modes.o ABSOLUTE
    ..\system_stm32f0xx.c                    0x00000000   Number         0  system_stm32f0xx.o ABSOLUTE
    Listings\\main.c                         0x00000000   Number         0  main.o ABSOLUTE
    Listings\main.c                          0x00000000   Number         0  main.o ABSOLUTE
    dc.s                                     0x00000000   Number         0  dc.o ABSOLUTE
    RESET                                    0x08000000   Section      192  startup_stm32f0xx.o(RESET)
    !!!main                                  0x080000c0   Section        8  __main.o(!!!main)
    !!!scatter                               0x080000c8   Section       60  __scatter.o(!!!scatter)
    !!handler_copy                           0x08000104   Section       26  __scatter_copy.o(!!handler_copy)
    !!handler_zi                             0x08000120   Section       28  __scatter_zi.o(!!handler_zi)
    .ARM.Collect$$libinit$$00000000          0x0800013c   Section        2  libinit.o(.ARM.Collect$$libinit$$00000000)
    .ARM.Collect$$libinit$$00000002          0x0800013e   Section        0  libinit2.o(.ARM.Collect$$libinit$$00000002)
    .ARM.Collect$$libinit$$00000004          0x0800013e   Section        0  libinit2.o(.ARM.Collect$$libinit$$00000004)
    .ARM.Collect$$libinit$$0000000A          0x0800013e   Section        0  libinit2.o(.ARM.Collect$$libinit$$0000000A)
    .ARM.Collect$$libinit$$0000000C          0x0800013e   Section        0  libinit2.o(.ARM.Collect$$libinit$$0000000C)
    .ARM.Collect$$libinit$$0000000E          0x0800013e   Section        0  libinit2.o(.ARM.Collect$$libinit$$0000000E)
    .ARM.Collect$$libinit$$00000011          0x0800013e   Section        0  libinit2.o(.ARM.Collect$$libinit$$00000011)
    .ARM.Collect$$libinit$$00000013          0x0800013e   Section        0  libinit2.o(.ARM.Collect$$libinit$$00000013)
    .ARM.Collect$$libinit$$00000015          0x0800013e   Section        0  libinit2.o(.ARM.Collect$$libinit$$00000015)
    .ARM.Collect$$libinit$$00000017          0x0800013e   Section        0  libinit2.o(.ARM.Collect$$libinit$$00000017)
    .ARM.Collect$$libinit$$00000019          0x0800013e   Section        0  libinit2.o(.ARM.Collect$$libinit$$00000019)
    .ARM.Collect$$libinit$$0000001B          0x0800013e   Section        0  libinit2.o(.ARM.Collect$$libinit$$0000001B)
    .ARM.Collect$$libinit$$0000001D          0x0800013e   Section        0  libinit2.o(.ARM.Collect$$libinit$$0000001D)
    .ARM.Collect$$libinit$$0000001F          0x0800013e   Section        0  libinit2.o(.ARM.Collect$$libinit$$0000001F)
    .ARM.Collect$$libinit$$00000021          0x0800013e   Section        0  libinit2.o(.ARM.Collect$$libinit$$00000021)
    .ARM.Collect$$libinit$$00000023          0x0800013e   Section        0  libinit2.o(.ARM.Collect$$libinit$$00000023)
    .ARM.Collect$$libinit$$00000025          0x0800013e   Section        0  libinit2.o(.ARM.Collect$$libinit$$00000025)
    .ARM.Collect$$libinit$$0000002C          0x0800013e   Section        0  libinit2.o(.ARM.Collect$$libinit$$0000002C)
    .ARM.Collect$$libinit$$0000002E          0x0800013e   Section        0  libinit2.o(.ARM.Collect$$libinit$$0000002E)
    .ARM.Collect$$libinit$$00000030          0x0800013e   Section        0  libinit2.o(.ARM.Collect$$libinit$$00000030)
    .ARM.Collect$$libinit$$00000032          0x0800013e   Section        0  libinit2.o(.ARM.Collect$$libinit$$00000032)
    .ARM.Collect$$libinit$$00000033          0x0800013e   Section        2  libinit2.o(.ARM.Collect$$libinit$$00000033)
    .ARM.Collect$$libshutdown$$00000000      0x08000140   Section        2  libshutdown.o(.ARM.Collect$$libshutdown$$00000000)
    .ARM.Collect$$libshutdown$$00000002      0x08000142   Section        0  libshutdown2.o(.ARM.Collect$$libshutdown$$00000002)
    .ARM.Collect$$libshutdown$$00000004      0x08000142   Section        0  libshutdown2.o(.ARM.Collect$$libshutdown$$00000004)
    .ARM.Collect$$libshutdown$$00000007      0x08000142   Section        0  libshutdown2.o(.ARM.Collect$$libshutdown$$00000007)
    .ARM.Collect$$libshutdown$$0000000A      0x08000142   Section        0  libshutdown2.o(.ARM.Collect$$libshutdown$$0000000A)
    .ARM.Collect$$libshutdown$$0000000C      0x08000142   Section        0  libshutdown2.o(.ARM.Collect$$libshutdown$$0000000C)
    .ARM.Collect$$libshutdown$$0000000F      0x08000142   Section        0  libshutdown2.o(.ARM.Collect$$libshutdown$$0000000F)
    .ARM.Collect$$libshutdown$$00000010      0x08000142   Section        2  libshutdown2.o(.ARM.Collect$$libshutdown$$00000010)
    .ARM.Collect$$rtentry$$00000000          0x08000144   Section        0  __rtentry.o(.ARM.Collect$$rtentry$$00000000)
    .ARM.Collect$$rtentry$$00000002          0x08000144   Section        0  __rtentry2.o(.ARM.Collect$$rtentry$$00000002)
    .ARM.Collect$$rtentry$$00000004          0x08000144   Section        6  __rtentry4.o(.ARM.Collect$$rtentry$$00000004)
    .ARM.Collect$$rtentry$$00000009          0x0800014a   Section        0  __rtentry2.o(.ARM.Collect$$rtentry$$00000009)
    .ARM.Collect$$rtentry$$0000000A          0x0800014a   Section        4  __rtentry2.o(.ARM.Collect$$rtentry$$0000000A)
    .ARM.Collect$$rtentry$$0000000C          0x0800014e   Section        0  __rtentry2.o(.ARM.Collect$$rtentry$$0000000C)
    .ARM.Collect$$rtentry$$0000000D          0x0800014e   Section        8  __rtentry2.o(.ARM.Collect$$rtentry$$0000000D)
    .ARM.Collect$$rtexit$$00000000           0x08000156   Section        2  rtexit.o(.ARM.Collect$$rtexit$$00000000)
    .ARM.Collect$$rtexit$$00000002           0x08000158   Section        0  rtexit2.o(.ARM.Collect$$rtexit$$00000002)
    .ARM.Collect$$rtexit$$00000003           0x08000158   Section        4  rtexit2.o(.ARM.Collect$$rtexit$$00000003)
    .ARM.Collect$$rtexit$$00000004           0x0800015c   Section        6  rtexit2.o(.ARM.Collect$$rtexit$$00000004)
    .emb_text                                0x08000164   Section       56  rt_memcpy.o(.emb_text)
    .text                                    0x0800019c   Section        0  txrx.o(.text)
    .text                                    0x08000320   Section        0  gpio.o(.text)
    .text                                    0x0800040c   Section        0  stm32f0xx_it.o(.text)
    .text                                    0x080007d0   Section        0  autonetapis.o(.text)
    .text                                    0x0800094c   Section        0  stm32f0xx_exti.o(.text)
    .text                                    0x08000a44   Section        0  stm32f0xx_gpio.o(.text)
    .text                                    0x08000c34   Section        0  stm32f0xx_i2c.o(.text)
    .text                                    0x080010cc   Section        0  stm32f0xx_usart.o(.text)
    .text                                    0x08001618   Section        0  config.o(.text)
    .text                                    0x080017ac   Section        0  spi.o(.text)
    .text                                    0x08001970   Section        0  i2c.o(.text)
    .text                                    0x08001be0   Section        0  st.o(.text)
    NVIC_SetPriority                         0x08001c37   Thumb Code   110  st.o(.text)
    .text                                    0x08001cb8   Section        0  com.o(.text)
    .text                                    0x08001f68   Section        0  us2400apis.o(.text)
    Us2400ReadLongRegBlock                   0x08002221   Thumb Code    80  us2400apis.o(.text)
    Us2400WriteLongRegBlock                  0x08002271   Thumb Code    78  us2400apis.o(.text)
    Us2400SetRecoveryTime                    0x08002433   Thumb Code    52  us2400apis.o(.text)
    .text                                    0x08002640   Section        0  stm32f0xx_lp_modes.o(.text)
    .text                                    0x08002820   Section        0  stm32f0xx_dma.o(.text)
    .text                                    0x08002990   Section        0  stm32f0xx_misc.o(.text)
    .text                                    0x08002a44   Section        0  stm32f0xx_pwr.o(.text)
    .text                                    0x08002b80   Section        0  stm32f0xx_rcc.o(.text)
    .text                                    0x08003178   Section        0  stm32f0xx_rtc.o(.text)
    RTC_ByteToBcd2                           0x08003391   Thumb Code    28  stm32f0xx_rtc.o(.text)
    RTC_Bcd2ToByte                           0x080033ad   Thumb Code    26  stm32f0xx_rtc.o(.text)
    .text                                    0x08003d00   Section        0  stm32f0xx_spi.o(.text)
    .text                                    0x080040bc   Section        0  stm32f0xx_syscfg.o(.text)
    .text                                    0x080041ac   Section        0  memcmp.o(.text)
    .text                                    0x08004208   Section        0  strlen.o(.text)
    .text                                    0x0800424c   Section        0  rt_memcpy.o(.text)
    .text                                    0x080042ce   Section        0  rt_memclr.o(.text)
    .text                                    0x0800430e   Section      346  aeabi_sdiv.o(.text)
    .text                                    0x08004468   Section       62  sys_stackheap_outer.o(.text)
    .text                                    0x080044a6   Section        0  exit.o(.text)
    .text                                    0x080044b8   Section       56  startup_stm32f0xx.o(.text)
    .text                                    0x080044f0   Section        8  libspace.o(.text)
    .text                                    0x080044f8   Section        0  system_stm32f0xx.o(.text)
    .text                                    0x080046f0   Section        0  sys_exit.o(.text)
    .text                                    0x080046fc   Section        0  heapauxi.o(.text)
    .text                                    0x08004702   Section        2  use_no_semi.o(.text)
    .text                                    0x08004704   Section        0  indicate_semi.o(.text)
    i.__ARM_common_switch8                   0x08004704   Section        0  gpio.o(i.__ARM_common_switch8)
    i.main                                   0x08004720   Section        0  main.o(i.main)
    .constdata                               0x080047fc   Section        8  main.o(.constdata)
    .data                                    0x20000000   Section       17  txrx.o(.data)
    .data                                    0x20000014   Section       44  stm32f0xx_it.o(.data)
    .data                                    0x20000040   Section       40  autonetapis.o(.data)
    .data                                    0x20000068   Section       36  st.o(.data)
    .data                                    0x2000008c   Section       10  com.o(.data)
    .data                                    0x20000096   Section        3  us2400apis.o(.data)
    .data                                    0x20000099   Section       16  stm32f0xx_rcc.o(.data)
    APBAHBPrescTable                         0x20000099   Data          16  stm32f0xx_rcc.o(.data)
    .data                                    0x200000ac   Section       20  system_stm32f0xx.o(.data)
    .bss                                     0x200000c0   Section      511  txrx.o(.bss)
    .bss                                     0x200002c0   Section       96  stm32f0xx_it.o(.bss)
    .bss                                     0x20000320   Section      192  com.o(.bss)
    .bss                                     0x200003e0   Section     1280  us2400apis.o(.bss)
    .bss                                     0x200008e0   Section       96  libspace.o(.bss)
    HEAP                                     0x20000940   Section      512  startup_stm32f0xx.o(HEAP)
    Heap_Mem                                 0x20000940   Data         512  startup_stm32f0xx.o(HEAP)
    STACK                                    0x20000b40   Section     1024  startup_stm32f0xx.o(STACK)
    Stack_Mem                                0x20000b40   Data        1024  startup_stm32f0xx.o(STACK)
    __initial_sp                             0x20000f40   Data           0  startup_stm32f0xx.o(STACK)

    Global Symbols

    Symbol Name                              Value     Ov Type        Size  Object(Section)

    BuildAttributes$$THM_ISAv3M$S$PE$A:L22$X:L11$S22$IEEE1$IW$USESV6$~STKCKD$USESV7$~SHL$OSPACE$ROPI$EBA8$UX$STANDARDLIB$REQ8$PRES8$EABIv2 0x00000000   Number         0  anon$$obj.o ABSOLUTE
    __ARM_use_no_argv                        0x00000000   Number         0  main.o ABSOLUTE
    __ARM_exceptions_init                     - Undefined Weak Reference
    __alloca_initialize                       - Undefined Weak Reference
    __arm_preinit_                            - Undefined Weak Reference
    __cpp_initialize__aeabi_                  - Undefined Weak Reference
    __cxa_finalize                            - Undefined Weak Reference
    __rt_locale                               - Undefined Weak Reference
    __sigvec_lookup                           - Undefined Weak Reference
    _atexit_init                              - Undefined Weak Reference
    _call_atexit_fns                          - Undefined Weak Reference
    _clock_init                               - Undefined Weak Reference
    _fp_trap_init                             - Undefined Weak Reference
    _fp_trap_shutdown                         - Undefined Weak Reference
    _get_lc_collate                           - Undefined Weak Reference
    _get_lc_ctype                             - Undefined Weak Reference
    _get_lc_monetary                          - Undefined Weak Reference
    _get_lc_numeric                           - Undefined Weak Reference
    _get_lc_time                              - Undefined Weak Reference
    _getenv_init                              - Undefined Weak Reference
    _handle_redirection                       - Undefined Weak Reference
    _init_alloc                               - Undefined Weak Reference
    _init_user_alloc                          - Undefined Weak Reference
    _initio                                   - Undefined Weak Reference
    _rand_init                                - Undefined Weak Reference
    _signal_finish                            - Undefined Weak Reference
    _signal_init                              - Undefined Weak Reference
    _terminate_alloc                          - Undefined Weak Reference
    _terminate_user_alloc                     - Undefined Weak Reference
    _terminateio                              - Undefined Weak Reference
    __Vectors_Size                           0x000000c0   Number         0  startup_stm32f0xx.o ABSOLUTE
    __Vectors                                0x08000000   Data           4  startup_stm32f0xx.o(RESET)
    __Vectors_End                            0x080000c0   Data           0  startup_stm32f0xx.o(RESET)
    __main                                   0x080000c1   Thumb Code     8  __main.o(!!!main)
    __scatterload                            0x080000c9   Thumb Code     0  __scatter.o(!!!scatter)
    __scatterload_rt2                        0x080000c9   Thumb Code    52  __scatter.o(!!!scatter)
    __scatterload_rt2_thumb_only             0x080000c9   Thumb Code     0  __scatter.o(!!!scatter)
    __scatterload_null                       0x080000d9   Thumb Code     0  __scatter.o(!!!scatter)
    __scatterload_copy                       0x08000105   Thumb Code    26  __scatter_copy.o(!!handler_copy)
    __scatterload_zeroinit                   0x08000121   Thumb Code    28  __scatter_zi.o(!!handler_zi)
    __rt_lib_init                            0x0800013d   Thumb Code     0  libinit.o(.ARM.Collect$$libinit$$00000000)
    __rt_lib_init_alloca_1                   0x0800013f   Thumb Code     0  libinit2.o(.ARM.Collect$$libinit$$0000002E)
    __rt_lib_init_argv_1                     0x0800013f   Thumb Code     0  libinit2.o(.ARM.Collect$$libinit$$0000002C)
    __rt_lib_init_atexit_1                   0x0800013f   Thumb Code     0  libinit2.o(.ARM.Collect$$libinit$$0000001B)
    __rt_lib_init_clock_1                    0x0800013f   Thumb Code     0  libinit2.o(.ARM.Collect$$libinit$$00000021)
    __rt_lib_init_cpp_1                      0x0800013f   Thumb Code     0  libinit2.o(.ARM.Collect$$libinit$$00000032)
    __rt_lib_init_exceptions_1               0x0800013f   Thumb Code     0  libinit2.o(.ARM.Collect$$libinit$$00000030)
    __rt_lib_init_fp_1                       0x0800013f   Thumb Code     0  libinit2.o(.ARM.Collect$$libinit$$00000002)
    __rt_lib_init_fp_trap_1                  0x0800013f   Thumb Code     0  libinit2.o(.ARM.Collect$$libinit$$0000001F)
    __rt_lib_init_getenv_1                   0x0800013f   Thumb Code     0  libinit2.o(.ARM.Collect$$libinit$$00000023)
    __rt_lib_init_heap_1                     0x0800013f   Thumb Code     0  libinit2.o(.ARM.Collect$$libinit$$0000000A)
    __rt_lib_init_lc_collate_1               0x0800013f   Thumb Code     0  libinit2.o(.ARM.Collect$$libinit$$00000011)
    __rt_lib_init_lc_ctype_1                 0x0800013f   Thumb Code     0  libinit2.o(.ARM.Collect$$libinit$$00000013)
    __rt_lib_init_lc_monetary_1              0x0800013f   Thumb Code     0  libinit2.o(.ARM.Collect$$libinit$$00000015)
    __rt_lib_init_lc_numeric_1               0x0800013f   Thumb Code     0  libinit2.o(.ARM.Collect$$libinit$$00000017)
    __rt_lib_init_lc_time_1                  0x0800013f   Thumb Code     0  libinit2.o(.ARM.Collect$$libinit$$00000019)
    __rt_lib_init_preinit_1                  0x0800013f   Thumb Code     0  libinit2.o(.ARM.Collect$$libinit$$00000004)
    __rt_lib_init_rand_1                     0x0800013f   Thumb Code     0  libinit2.o(.ARM.Collect$$libinit$$0000000E)
    __rt_lib_init_return                     0x0800013f   Thumb Code     0  libinit2.o(.ARM.Collect$$libinit$$00000033)
    __rt_lib_init_signal_1                   0x0800013f   Thumb Code     0  libinit2.o(.ARM.Collect$$libinit$$0000001D)
    __rt_lib_init_stdio_1                    0x0800013f   Thumb Code     0  libinit2.o(.ARM.Collect$$libinit$$00000025)
    __rt_lib_init_user_alloc_1               0x0800013f   Thumb Code     0  libinit2.o(.ARM.Collect$$libinit$$0000000C)
    __rt_lib_shutdown                        0x08000141   Thumb Code     0  libshutdown.o(.ARM.Collect$$libshutdown$$00000000)
    __rt_lib_shutdown_cpp_1                  0x08000143   Thumb Code     0  libshutdown2.o(.ARM.Collect$$libshutdown$$00000002)
    __rt_lib_shutdown_fp_trap_1              0x08000143   Thumb Code     0  libshutdown2.o(.ARM.Collect$$libshutdown$$00000007)
    __rt_lib_shutdown_heap_1                 0x08000143   Thumb Code     0  libshutdown2.o(.ARM.Collect$$libshutdown$$0000000F)
    __rt_lib_shutdown_return                 0x08000143   Thumb Code     0  libshutdown2.o(.ARM.Collect$$libshutdown$$00000010)
    __rt_lib_shutdown_signal_1               0x08000143   Thumb Code     0  libshutdown2.o(.ARM.Collect$$libshutdown$$0000000A)
    __rt_lib_shutdown_stdio_1                0x08000143   Thumb Code     0  libshutdown2.o(.ARM.Collect$$libshutdown$$00000004)
    __rt_lib_shutdown_user_alloc_1           0x08000143   Thumb Code     0  libshutdown2.o(.ARM.Collect$$libshutdown$$0000000C)
    __rt_entry                               0x08000145   Thumb Code     0  __rtentry.o(.ARM.Collect$$rtentry$$00000000)
    __rt_entry_presh_1                       0x08000145   Thumb Code     0  __rtentry2.o(.ARM.Collect$$rtentry$$00000002)
    __rt_entry_sh                            0x08000145   Thumb Code     0  __rtentry4.o(.ARM.Collect$$rtentry$$00000004)
    __rt_entry_li                            0x0800014b   Thumb Code     0  __rtentry2.o(.ARM.Collect$$rtentry$$0000000A)
    __rt_entry_postsh_1                      0x0800014b   Thumb Code     0  __rtentry2.o(.ARM.Collect$$rtentry$$00000009)
    __rt_entry_main                          0x0800014f   Thumb Code     0  __rtentry2.o(.ARM.Collect$$rtentry$$0000000D)
    __rt_entry_postli_1                      0x0800014f   Thumb Code     0  __rtentry2.o(.ARM.Collect$$rtentry$$0000000C)
    __rt_exit                                0x08000157   Thumb Code     0  rtexit.o(.ARM.Collect$$rtexit$$00000000)
    __rt_exit_ls                             0x08000159   Thumb Code     0  rtexit2.o(.ARM.Collect$$rtexit$$00000003)
    __rt_exit_prels_1                        0x08000159   Thumb Code     0  rtexit2.o(.ARM.Collect$$rtexit$$00000002)
    __rt_exit_exit                           0x0800015d   Thumb Code     0  rtexit2.o(.ARM.Collect$$rtexit$$00000004)
    __aeabi_memcpy4                          0x08000165   Thumb Code    56  rt_memcpy.o(.emb_text)
    __aeabi_memcpy8                          0x08000165   Thumb Code     0  rt_memcpy.o(.emb_text)
    RF_Tx                                    0x0800019d   Thumb Code    88  txrx.o(.text)
    headerCheck_AutoNet                      0x080001f5   Thumb Code    16  txrx.o(.text)
    RF_Rx                                    0x08000205   Thumb Code   232  txrx.o(.text)
    GPIO_OFF                                 0x08000321   Thumb Code    64  gpio.o(.text)
    GPIO_ON                                  0x08000361   Thumb Code    74  gpio.o(.text)
    setGPIO                                  0x080003ab   Thumb Code    30  gpio.o(.text)
    getGPIO                                  0x080003c9   Thumb Code    60  gpio.o(.text)
    setTimer                                 0x0800040d   Thumb Code    82  stm32f0xx_it.o(.text)
    checkTimer                               0x0800045f   Thumb Code    24  stm32f0xx_it.o(.text)
    NMI_Handler                              0x08000477   Thumb Code     2  stm32f0xx_it.o(.text)
    HardFault_Handler                        0x08000479   Thumb Code     4  stm32f0xx_it.o(.text)
    SVC_Handler                              0x0800047d   Thumb Code     2  stm32f0xx_it.o(.text)
    PendSV_Handler                           0x0800047f   Thumb Code     2  stm32f0xx_it.o(.text)
    SysTick_Handler                          0x08000481   Thumb Code   130  stm32f0xx_it.o(.text)
    USART1_IRQHandler                        0x08000503   Thumb Code   190  stm32f0xx_it.o(.text)
    USART2_IRQHandler                        0x080005c1   Thumb Code   190  stm32f0xx_it.o(.text)
    EXTI4_15_IRQHandler                      0x0800067f   Thumb Code    84  stm32f0xx_it.o(.text)
    I2C2_IRQHandler                          0x080006d3   Thumb Code   168  stm32f0xx_it.o(.text)
    getChannelCenterFreq                     0x080007d1   Thumb Code    38  autonetapis.o(.text)
    Initial                                  0x080007f7   Thumb Code    94  autonetapis.o(.text)
    RFSleepThenWakeUp                        0x08000855   Thumb Code    40  autonetapis.o(.text)
    RF_Sleep                                 0x0800087d   Thumb Code     8  autonetapis.o(.text)
    data_fetch                               0x08000885   Thumb Code    52  autonetapis.o(.text)
    getSrcAddr                               0x080008b9   Thumb Code    16  autonetapis.o(.text)
    getDestAddr                              0x080008c9   Thumb Code    16  autonetapis.o(.text)
    getSrcPanID                              0x080008d9   Thumb Code    16  autonetapis.o(.text)
    getDestPanID                             0x080008e9   Thumb Code    16  autonetapis.o(.text)
    getSeqNum                                0x080008f9   Thumb Code    10  autonetapis.o(.text)
    getFrameControl                          0x08000903   Thumb Code    16  autonetapis.o(.text)
    getPayload                               0x08000913   Thumb Code    36  autonetapis.o(.text)
    getPayloadLength                         0x08000937   Thumb Code     6  autonetapis.o(.text)
    EXTI_DeInit                              0x0800094d   Thumb Code    20  stm32f0xx_exti.o(.text)
    EXTI_Init                                0x08000961   Thumb Code   132  stm32f0xx_exti.o(.text)
    EXTI_StructInit                          0x080009e5   Thumb Code    16  stm32f0xx_exti.o(.text)
    EXTI_GenerateSWInterrupt                 0x080009f5   Thumb Code    12  stm32f0xx_exti.o(.text)
    EXTI_GetFlagStatus                       0x08000a01   Thumb Code    22  stm32f0xx_exti.o(.text)
    EXTI_ClearFlag                           0x08000a17   Thumb Code     6  stm32f0xx_exti.o(.text)
    EXTI_GetITStatus                         0x08000a1d   Thumb Code    22  stm32f0xx_exti.o(.text)
    EXTI_ClearITPendingBit                   0x08000a33   Thumb Code     6  stm32f0xx_exti.o(.text)
    GPIO_DeInit                              0x08000a45   Thumb Code   132  stm32f0xx_gpio.o(.text)
    GPIO_Init                                0x08000ac9   Thumb Code   144  stm32f0xx_gpio.o(.text)
    GPIO_StructInit                          0x08000b59   Thumb Code    20  stm32f0xx_gpio.o(.text)
    GPIO_PinLockConfig                       0x08000b6d   Thumb Code    34  stm32f0xx_gpio.o(.text)
    GPIO_ReadInputDataBit                    0x08000b8f   Thumb Code    20  stm32f0xx_gpio.o(.text)
    GPIO_ReadInputData                       0x08000ba3   Thumb Code     6  stm32f0xx_gpio.o(.text)
    GPIO_ReadOutputDataBit                   0x08000ba9   Thumb Code    20  stm32f0xx_gpio.o(.text)
    GPIO_ReadOutputData                      0x08000bbd   Thumb Code     6  stm32f0xx_gpio.o(.text)
    GPIO_SetBits                             0x08000bc3   Thumb Code     4  stm32f0xx_gpio.o(.text)
    GPIO_ResetBits                           0x08000bc7   Thumb Code     4  stm32f0xx_gpio.o(.text)
    GPIO_WriteBit                            0x08000bcb   Thumb Code    12  stm32f0xx_gpio.o(.text)
    GPIO_Write                               0x08000bd7   Thumb Code     4  stm32f0xx_gpio.o(.text)
    GPIO_PinAFConfig                         0x08000bdb   Thumb Code    68  stm32f0xx_gpio.o(.text)
    I2C_DeInit                               0x08000c35   Thumb Code    50  stm32f0xx_i2c.o(.text)
    I2C_Init                                 0x08000c67   Thumb Code    98  stm32f0xx_i2c.o(.text)
    I2C_StructInit                           0x08000cc9   Thumb Code    24  stm32f0xx_i2c.o(.text)
    I2C_Cmd                                  0x08000ce1   Thumb Code    24  stm32f0xx_i2c.o(.text)
    I2C_SoftwareResetCmd                     0x08000cf9   Thumb Code    20  stm32f0xx_i2c.o(.text)
    I2C_ITConfig                             0x08000d0d   Thumb Code    20  stm32f0xx_i2c.o(.text)
    I2C_StretchClockCmd                      0x08000d21   Thumb Code    28  stm32f0xx_i2c.o(.text)
    I2C_StopModeCmd                          0x08000d3d   Thumb Code    28  stm32f0xx_i2c.o(.text)
    I2C_DualAddressCmd                       0x08000d59   Thumb Code    28  stm32f0xx_i2c.o(.text)
    I2C_OwnAddress2Config                    0x08000d75   Thumb Code    32  stm32f0xx_i2c.o(.text)
    I2C_GeneralCallCmd                       0x08000d95   Thumb Code    28  stm32f0xx_i2c.o(.text)
    I2C_SlaveByteControlCmd                  0x08000db1   Thumb Code    28  stm32f0xx_i2c.o(.text)
    I2C_SlaveAddressConfig                   0x08000dcd   Thumb Code    20  stm32f0xx_i2c.o(.text)
    I2C_10BitAddressingModeCmd               0x08000de1   Thumb Code    28  stm32f0xx_i2c.o(.text)
    I2C_AutoEndCmd                           0x08000dfd   Thumb Code    28  stm32f0xx_i2c.o(.text)
    I2C_ReloadCmd                            0x08000e19   Thumb Code    28  stm32f0xx_i2c.o(.text)
    I2C_NumberOfBytesConfig                  0x08000e35   Thumb Code    28  stm32f0xx_i2c.o(.text)
    I2C_MasterRequestConfig                  0x08000e51   Thumb Code    28  stm32f0xx_i2c.o(.text)
    I2C_GenerateSTART                        0x08000e6d   Thumb Code    28  stm32f0xx_i2c.o(.text)
    I2C_GenerateSTOP                         0x08000e89   Thumb Code    28  stm32f0xx_i2c.o(.text)
    I2C_10BitAddressHeaderCmd                0x08000ea5   Thumb Code    28  stm32f0xx_i2c.o(.text)
    I2C_AcknowledgeConfig                    0x08000ec1   Thumb Code    28  stm32f0xx_i2c.o(.text)
    I2C_GetAddressMatched                    0x08000edd   Thumb Code    14  stm32f0xx_i2c.o(.text)
    I2C_GetTransferDirection                 0x08000eeb   Thumb Code    30  stm32f0xx_i2c.o(.text)
    I2C_TransferHandling                     0x08000f09   Thumb Code    38  stm32f0xx_i2c.o(.text)
    I2C_SMBusAlertCmd                        0x08000f2f   Thumb Code    28  stm32f0xx_i2c.o(.text)
    I2C_ClockTimeoutCmd                      0x08000f4b   Thumb Code    28  stm32f0xx_i2c.o(.text)
    I2C_ExtendedClockTimeoutCmd              0x08000f67   Thumb Code    26  stm32f0xx_i2c.o(.text)
    I2C_IdleClockTimeoutCmd                  0x08000f81   Thumb Code    28  stm32f0xx_i2c.o(.text)
    I2C_TimeoutAConfig                       0x08000f9d   Thumb Code    20  stm32f0xx_i2c.o(.text)
    I2C_TimeoutBConfig                       0x08000fb1   Thumb Code    26  stm32f0xx_i2c.o(.text)
    I2C_CalculatePEC                         0x08000fcb   Thumb Code    28  stm32f0xx_i2c.o(.text)
    I2C_PECRequestCmd                        0x08000fe7   Thumb Code    28  stm32f0xx_i2c.o(.text)
    I2C_GetPEC                               0x08001003   Thumb Code     8  stm32f0xx_i2c.o(.text)
    I2C_ReadRegister                         0x0800100b   Thumb Code    46  stm32f0xx_i2c.o(.text)
    I2C_SendData                             0x08001039   Thumb Code     4  stm32f0xx_i2c.o(.text)
    I2C_ReceiveData                          0x0800103d   Thumb Code     8  stm32f0xx_i2c.o(.text)
    I2C_DMACmd                               0x08001045   Thumb Code    20  stm32f0xx_i2c.o(.text)
    I2C_GetFlagStatus                        0x08001059   Thumb Code    28  stm32f0xx_i2c.o(.text)
    I2C_ClearFlag                            0x08001075   Thumb Code     4  stm32f0xx_i2c.o(.text)
    I2C_GetITStatus                          0x08001079   Thumb Code    78  stm32f0xx_i2c.o(.text)
    I2C_ClearITPendingBit                    0x080010c7   Thumb Code     4  stm32f0xx_i2c.o(.text)
    USART_DeInit                             0x080010cd   Thumb Code    56  stm32f0xx_usart.o(.text)
    USART_Init                               0x08001105   Thumb Code   202  stm32f0xx_usart.o(.text)
    USART_StructInit                         0x080011cf   Thumb Code    24  stm32f0xx_usart.o(.text)
    USART_ClockInit                          0x080011e7   Thumb Code    36  stm32f0xx_usart.o(.text)
    USART_ClockStructInit                    0x0800120b   Thumb Code    12  stm32f0xx_usart.o(.text)
    USART_Cmd                                0x08001217   Thumb Code    24  stm32f0xx_usart.o(.text)
    USART_DirectionModeCmd                   0x0800122f   Thumb Code    20  stm32f0xx_usart.o(.text)
    USART_OverSampling8Cmd                   0x08001243   Thumb Code    28  stm32f0xx_usart.o(.text)
    USART_OneBitMethodCmd                    0x0800125f   Thumb Code    28  stm32f0xx_usart.o(.text)
    USART_MSBFirstCmd                        0x0800127b   Thumb Code    28  stm32f0xx_usart.o(.text)
    USART_DataInvCmd                         0x08001297   Thumb Code    28  stm32f0xx_usart.o(.text)
    USART_InvPinCmd                          0x080012b3   Thumb Code    20  stm32f0xx_usart.o(.text)
    USART_SWAPPinCmd                         0x080012c7   Thumb Code    28  stm32f0xx_usart.o(.text)
    USART_ReceiverTimeOutCmd                 0x080012e3   Thumb Code    28  stm32f0xx_usart.o(.text)
    USART_SetReceiverTimeOut                 0x080012ff   Thumb Code    16  stm32f0xx_usart.o(.text)
    USART_SetPrescaler                       0x0800130f   Thumb Code    18  stm32f0xx_usart.o(.text)
    USART_STOPModeCmd                        0x08001321   Thumb Code    24  stm32f0xx_usart.o(.text)
    USART_StopModeWakeUpSourceConfig         0x08001339   Thumb Code    18  stm32f0xx_usart.o(.text)
    USART_AutoBaudRateCmd                    0x0800134b   Thumb Code    28  stm32f0xx_usart.o(.text)
    USART_AutoBaudRateConfig                 0x08001367   Thumb Code    18  stm32f0xx_usart.o(.text)
    USART_SendData                           0x08001379   Thumb Code     8  stm32f0xx_usart.o(.text)
    USART_ReceiveData                        0x08001381   Thumb Code    10  stm32f0xx_usart.o(.text)
    USART_SetAddress                         0x0800138b   Thumb Code    18  stm32f0xx_usart.o(.text)
    USART_MuteModeCmd                        0x0800139d   Thumb Code    28  stm32f0xx_usart.o(.text)
    USART_MuteModeWakeUpConfig               0x080013b9   Thumb Code    18  stm32f0xx_usart.o(.text)
    USART_AddressDetectionConfig             0x080013cb   Thumb Code    16  stm32f0xx_usart.o(.text)
    USART_LINBreakDetectLengthConfig         0x080013db   Thumb Code    16  stm32f0xx_usart.o(.text)
    USART_LINCmd                             0x080013eb   Thumb Code    28  stm32f0xx_usart.o(.text)
    USART_HalfDuplexCmd                      0x08001407   Thumb Code    24  stm32f0xx_usart.o(.text)
    USART_SetGuardTime                       0x0800141f   Thumb Code    16  stm32f0xx_usart.o(.text)
    USART_SmartCardCmd                       0x0800142f   Thumb Code    24  stm32f0xx_usart.o(.text)
    USART_SmartCardNACKCmd                   0x08001447   Thumb Code    24  stm32f0xx_usart.o(.text)
    USART_SetAutoRetryCount                  0x0800145f   Thumb Code    20  stm32f0xx_usart.o(.text)
    USART_SetBlockLength                     0x08001473   Thumb Code    18  stm32f0xx_usart.o(.text)
    USART_IrDAConfig                         0x08001485   Thumb Code    16  stm32f0xx_usart.o(.text)
    USART_IrDACmd                            0x08001495   Thumb Code    40  stm32f0xx_usart.o(.text)
    USART_DECmd                              0x080014bd   Thumb Code    28  stm32f0xx_usart.o(.text)
    USART_DEPolarityConfig                   0x080014d9   Thumb Code    18  stm32f0xx_usart.o(.text)
    USART_SetDEAssertionTime                 0x080014eb   Thumb Code    20  stm32f0xx_usart.o(.text)
    USART_SetDEDeassertionTime               0x080014ff   Thumb Code    20  stm32f0xx_usart.o(.text)
    USART_DMACmd                             0x08001513   Thumb Code    20  stm32f0xx_usart.o(.text)
    USART_DMAReceptionErrorConfig            0x08001527   Thumb Code    18  stm32f0xx_usart.o(.text)
    USART_ITConfig                           0x08001539   Thumb Code    66  stm32f0xx_usart.o(.text)
    USART_RequestCmd                         0x0800157b   Thumb Code    20  stm32f0xx_usart.o(.text)
    USART_OverrunDetectionConfig             0x0800158f   Thumb Code    18  stm32f0xx_usart.o(.text)
    USART_GetFlagStatus                      0x080015a1   Thumb Code    20  stm32f0xx_usart.o(.text)
    USART_ClearFlag                          0x080015b5   Thumb Code     4  stm32f0xx_usart.o(.text)
    USART_GetITStatus                        0x080015b9   Thumb Code    78  stm32f0xx_usart.o(.text)
    USART_ClearITPendingBit                  0x08001607   Thumb Code    18  stm32f0xx_usart.o(.text)
    EXTI_Configuration                       0x08001619   Thumb Code    98  config.o(.text)
    GPIO_Configuration                       0x0800167b   Thumb Code   208  config.o(.text)
    RF_WAKEUP_Configuration                  0x0800174b   Thumb Code    60  config.o(.text)
    RF_WakeUp                                0x08001787   Thumb Code    24  config.o(.text)
    SPI_Configuration                        0x080017ad   Thumb Code   222  spi.o(.text)
    SPI_Proc                                 0x0800188b   Thumb Code   214  spi.o(.text)
    I2C_Configuration                        0x08001971   Thumb Code   136  i2c.o(.text)
    I2C_Read                                 0x080019f9   Thumb Code   234  i2c.o(.text)
    I2C_Write                                0x08001ae3   Thumb Code   240  i2c.o(.text)
    ST_Configuration                         0x08001be1   Thumb Code    64  st.o(.text)
    ST_Proc                                  0x08001c21   Thumb Code     2  st.o(.text)
    Delay                                    0x08001c23   Thumb Code    20  st.o(.text)
    COM1_Configuration                       0x08001cb9   Thumb Code   150  com.o(.text)
    COM1_Tx                                  0x08001d4f   Thumb Code    68  com.o(.text)
    COM2_Configuration                       0x08001d93   Thumb Code   150  com.o(.text)
    COM2_Tx                                  0x08001e29   Thumb Code    68  com.o(.text)
    COM_Configuration                        0x08001e6d   Thumb Code   150  com.o(.text)
    COM_Tx                                   0x08001f03   Thumb Code    68  com.o(.text)
    Us2400WriteShortReg                      0x08001f69   Thumb Code    46  us2400apis.o(.text)
    Us2400WriteLongReg                       0x08001f97   Thumb Code    66  us2400apis.o(.text)
    Us2400ReadLongReg                        0x08001fd9   Thumb Code    66  us2400apis.o(.text)
    Us2400ReadShortReg                       0x0800201b   Thumb Code    44  us2400apis.o(.text)
    Us2400Init                               0x08002047   Thumb Code   474  us2400apis.o(.text)
    Us2400Tx                                 0x080022bf   Thumb Code   238  us2400apis.o(.text)
    Us2400Rx                                 0x080023ad   Thumb Code    88  us2400apis.o(.text)
    Us2400RxFIFODump                         0x08002405   Thumb Code    46  us2400apis.o(.text)
    Us2400IntoDeepSleep                      0x08002467   Thumb Code   104  us2400apis.o(.text)
    Us2400Resume                             0x080024cf   Thumb Code    64  us2400apis.o(.text)
    Us2400SetTxPower                         0x0800250f   Thumb Code    80  us2400apis.o(.text)
    Us2400SingleTone                         0x0800255f   Thumb Code    76  us2400apis.o(.text)
    Us2400ContinueWave                       0x080025ab   Thumb Code   134  us2400apis.o(.text)
    SleepMode_config                         0x08002641   Thumb Code    30  stm32f0xx_lp_modes.o(.text)
    StopMode_Measure                         0x0800265f   Thumb Code   236  stm32f0xx_lp_modes.o(.text)
    StandbyMode_Measure                      0x0800274b   Thumb Code    38  stm32f0xx_lp_modes.o(.text)
    StandbyRTCMode_Measure                   0x08002771   Thumb Code   176  stm32f0xx_lp_modes.o(.text)
    DMA_DeInit                               0x08002821   Thumb Code   152  stm32f0xx_dma.o(.text)
    DMA_Init                                 0x080028b9   Thumb Code    58  stm32f0xx_dma.o(.text)
    DMA_StructInit                           0x080028f3   Thumb Code    26  stm32f0xx_dma.o(.text)
    DMA_Cmd                                  0x0800290d   Thumb Code    24  stm32f0xx_dma.o(.text)
    DMA_SetCurrDataCounter                   0x08002925   Thumb Code     4  stm32f0xx_dma.o(.text)
    DMA_GetCurrDataCounter                   0x08002929   Thumb Code     8  stm32f0xx_dma.o(.text)
    DMA_ITConfig                             0x08002931   Thumb Code    20  stm32f0xx_dma.o(.text)
    DMA_GetFlagStatus                        0x08002945   Thumb Code    24  stm32f0xx_dma.o(.text)
    DMA_ClearFlag                            0x0800295d   Thumb Code     8  stm32f0xx_dma.o(.text)
    DMA_GetITStatus                          0x08002965   Thumb Code    24  stm32f0xx_dma.o(.text)
    DMA_ClearITPendingBit                    0x0800297d   Thumb Code     8  stm32f0xx_dma.o(.text)
    NVIC_Init                                0x08002991   Thumb Code   106  stm32f0xx_misc.o(.text)
    NVIC_SystemLPConfig                      0x080029fb   Thumb Code    28  stm32f0xx_misc.o(.text)
    SysTick_CLKSourceConfig                  0x08002a17   Thumb Code    32  stm32f0xx_misc.o(.text)
    PWR_DeInit                               0x08002a45   Thumb Code    22  stm32f0xx_pwr.o(.text)
    PWR_BackupAccessCmd                      0x08002a5b   Thumb Code    36  stm32f0xx_pwr.o(.text)
    PWR_PVDLevelConfig                       0x08002a7f   Thumb Code    28  stm32f0xx_pwr.o(.text)
    PWR_PVDCmd                               0x08002a9b   Thumb Code    32  stm32f0xx_pwr.o(.text)
    PWR_WakeUpPinCmd                         0x08002abb   Thumb Code    28  stm32f0xx_pwr.o(.text)
    PWR_EnterSleepMode                       0x08002ad7   Thumb Code    24  stm32f0xx_pwr.o(.text)
    PWR_EnterSTOPMode                        0x08002aef   Thumb Code    60  stm32f0xx_pwr.o(.text)
    PWR_EnterSTANDBYMode                     0x08002b2b   Thumb Code    40  stm32f0xx_pwr.o(.text)
    PWR_GetFlagStatus                        0x08002b53   Thumb Code    22  stm32f0xx_pwr.o(.text)
    PWR_ClearFlag                            0x08002b69   Thumb Code    14  stm32f0xx_pwr.o(.text)
    RCC_DeInit                               0x08002b81   Thumb Code   104  stm32f0xx_rcc.o(.text)
    RCC_HSEConfig                            0x08002be9   Thumb Code    12  stm32f0xx_rcc.o(.text)
    RCC_GetFlagStatus                        0x08002bf5   Thumb Code    68  stm32f0xx_rcc.o(.text)
    RCC_WaitForHSEStartUp                    0x08002c39   Thumb Code    60  stm32f0xx_rcc.o(.text)
    RCC_AdjustHSICalibrationValue            0x08002c75   Thumb Code    26  stm32f0xx_rcc.o(.text)
    RCC_HSICmd                               0x08002c8f   Thumb Code    32  stm32f0xx_rcc.o(.text)
    RCC_AdjustHSI14CalibrationValue          0x08002caf   Thumb Code    26  stm32f0xx_rcc.o(.text)
    RCC_HSI14Cmd                             0x08002cc9   Thumb Code    32  stm32f0xx_rcc.o(.text)
    RCC_HSI14ADCRequestCmd                   0x08002ce9   Thumb Code    32  stm32f0xx_rcc.o(.text)
    RCC_LSEConfig                            0x08002d09   Thumb Code    34  stm32f0xx_rcc.o(.text)
    RCC_LSEDriveConfig                       0x08002d2b   Thumb Code    22  stm32f0xx_rcc.o(.text)
    RCC_LSICmd                               0x08002d41   Thumb Code    32  stm32f0xx_rcc.o(.text)
    RCC_PLLConfig                            0x08002d61   Thumb Code    30  stm32f0xx_rcc.o(.text)
    RCC_PLLCmd                               0x08002d7f   Thumb Code    36  stm32f0xx_rcc.o(.text)
    RCC_PREDIV1Config                        0x08002da3   Thumb Code    24  stm32f0xx_rcc.o(.text)
    RCC_ClockSecuritySystemCmd               0x08002dbb   Thumb Code    36  stm32f0xx_rcc.o(.text)
    RCC_MCOConfig                            0x08002ddf   Thumb Code     6  stm32f0xx_rcc.o(.text)
    RCC_SYSCLKConfig                         0x08002de5   Thumb Code    24  stm32f0xx_rcc.o(.text)
    RCC_GetSYSCLKSource                      0x08002dfd   Thumb Code    10  stm32f0xx_rcc.o(.text)
    RCC_HCLKConfig                           0x08002e07   Thumb Code    28  stm32f0xx_rcc.o(.text)
    RCC_PCLKConfig                           0x08002e23   Thumb Code    30  stm32f0xx_rcc.o(.text)
    RCC_ADCCLKConfig                         0x08002e41   Thumb Code    52  stm32f0xx_rcc.o(.text)
    RCC_CECCLKConfig                         0x08002e75   Thumb Code    22  stm32f0xx_rcc.o(.text)
    RCC_I2CCLKConfig                         0x08002e8b   Thumb Code    22  stm32f0xx_rcc.o(.text)
    RCC_USARTCLKConfig                       0x08002ea1   Thumb Code    22  stm32f0xx_rcc.o(.text)
    RCC_GetClocksFreq                        0x08002eb7   Thumb Code   368  stm32f0xx_rcc.o(.text)
    RCC_RTCCLKConfig                         0x08003027   Thumb Code    12  stm32f0xx_rcc.o(.text)
    RCC_RTCCLKCmd                            0x08003033   Thumb Code    36  stm32f0xx_rcc.o(.text)
    RCC_BackupResetCmd                       0x08003057   Thumb Code    36  stm32f0xx_rcc.o(.text)
    RCC_AHBPeriphClockCmd                    0x0800307b   Thumb Code    28  stm32f0xx_rcc.o(.text)
    RCC_APB2PeriphClockCmd                   0x08003097   Thumb Code    28  stm32f0xx_rcc.o(.text)
    RCC_APB1PeriphClockCmd                   0x080030b3   Thumb Code    28  stm32f0xx_rcc.o(.text)
    RCC_AHBPeriphResetCmd                    0x080030cf   Thumb Code    28  stm32f0xx_rcc.o(.text)
    RCC_APB2PeriphResetCmd                   0x080030eb   Thumb Code    28  stm32f0xx_rcc.o(.text)
    RCC_APB1PeriphResetCmd                   0x08003107   Thumb Code    28  stm32f0xx_rcc.o(.text)
    RCC_ITConfig                             0x08003123   Thumb Code    28  stm32f0xx_rcc.o(.text)
    RCC_ClearFlag                            0x0800313f   Thumb Code    16  stm32f0xx_rcc.o(.text)
    RCC_GetITStatus                          0x0800314f   Thumb Code    22  stm32f0xx_rcc.o(.text)
    RCC_ClearITPendingBit                    0x08003165   Thumb Code     6  stm32f0xx_rcc.o(.text)
    RTC_WaitForSynchro                       0x08003179   Thumb Code   104  stm32f0xx_rtc.o(.text)
    RTC_EnterInitMode                        0x080031e1   Thumb Code    82  stm32f0xx_rtc.o(.text)
    RTC_DeInit                               0x08003233   Thumb Code    94  stm32f0xx_rtc.o(.text)
    RTC_ExitInitMode                         0x08003291   Thumb Code    14  stm32f0xx_rtc.o(.text)
    RTC_Init                                 0x0800329f   Thumb Code    84  stm32f0xx_rtc.o(.text)
    RTC_StructInit                           0x080032f3   Thumb Code    14  stm32f0xx_rtc.o(.text)
    RTC_WriteProtectionCmd                   0x08003301   Thumb Code    24  stm32f0xx_rtc.o(.text)
    RTC_RefClockCmd                          0x08003319   Thumb Code    72  stm32f0xx_rtc.o(.text)
    RTC_BypassShadowCmd                      0x08003361   Thumb Code    48  stm32f0xx_rtc.o(.text)
    RTC_SetTime                              0x080033c7   Thumb Code   208  stm32f0xx_rtc.o(.text)
    RTC_TimeStructInit                       0x08003497   Thumb Code    12  stm32f0xx_rtc.o(.text)
    RTC_GetTime                              0x080034a3   Thumb Code    84  stm32f0xx_rtc.o(.text)
    RTC_GetSubSecond                         0x080034f7   Thumb Code    10  stm32f0xx_rtc.o(.text)
    RTC_SetDate                              0x08003501   Thumb Code   216  stm32f0xx_rtc.o(.text)
    RTC_DateStructInit                       0x080035d9   Thumb Code    14  stm32f0xx_rtc.o(.text)
    RTC_GetDate                              0x080035e7   Thumb Code    88  stm32f0xx_rtc.o(.text)
    RTC_SetAlarm                             0x0800363f   Thumb Code   210  stm32f0xx_rtc.o(.text)
    RTC_AlarmStructInit                      0x08003711   Thumb Code    22  stm32f0xx_rtc.o(.text)
    RTC_GetAlarm                             0x08003727   Thumb Code   112  stm32f0xx_rtc.o(.text)
    RTC_AlarmCmd                             0x08003797   Thumb Code   106  stm32f0xx_rtc.o(.text)
    RTC_AlarmSubSecondConfig                 0x08003801   Thumb Code    34  stm32f0xx_rtc.o(.text)
    RTC_GetAlarmSubSecond                    0x08003823   Thumb Code    16  stm32f0xx_rtc.o(.text)
    RTC_DayLightSavingConfig                 0x08003833   Thumb Code    44  stm32f0xx_rtc.o(.text)
    RTC_GetStoreOperation                    0x0800385f   Thumb Code    12  stm32f0xx_rtc.o(.text)
    RTC_OutputConfig                         0x0800386b   Thumb Code    44  stm32f0xx_rtc.o(.text)
    RTC_CalibOutputCmd                       0x08003897   Thumb Code    52  stm32f0xx_rtc.o(.text)
    RTC_CalibOutputConfig                    0x080038cb   Thumb Code    38  stm32f0xx_rtc.o(.text)
    RTC_SmoothCalibConfig                    0x080038f1   Thumb Code    92  stm32f0xx_rtc.o(.text)
    RTC_TimeStampCmd                         0x0800394d   Thumb Code    74  stm32f0xx_rtc.o(.text)
    RTC_GetTimeStamp                         0x08003997   Thumb Code   152  stm32f0xx_rtc.o(.text)
    RTC_GetTimeStampSubSecond                0x08003a2f   Thumb Code     6  stm32f0xx_rtc.o(.text)
    RTC_TamperTriggerConfig                  0x08003a35   Thumb Code    40  stm32f0xx_rtc.o(.text)
    RTC_TamperCmd                            0x08003a5d   Thumb Code    36  stm32f0xx_rtc.o(.text)
    RTC_TamperFilterConfig                   0x08003a81   Thumb Code    28  stm32f0xx_rtc.o(.text)
    RTC_TamperSamplingFreqConfig             0x08003a9d   Thumb Code    28  stm32f0xx_rtc.o(.text)
    RTC_TamperPinsPrechargeDuration          0x08003ab9   Thumb Code    28  stm32f0xx_rtc.o(.text)
    RTC_TimeStampOnTamperDetectionCmd        0x08003ad5   Thumb Code    40  stm32f0xx_rtc.o(.text)
    RTC_TamperPullUpCmd                      0x08003afd   Thumb Code    44  stm32f0xx_rtc.o(.text)
    RTC_WriteBackupRegister                  0x08003b29   Thumb Code    26  stm32f0xx_rtc.o(.text)
    RTC_ReadBackupRegister                   0x08003b43   Thumb Code    28  stm32f0xx_rtc.o(.text)
    RTC_OutputTypeConfig                     0x08003b5f   Thumb Code    28  stm32f0xx_rtc.o(.text)
    RTC_SynchroShiftConfig                   0x08003b7b   Thumb Code   118  stm32f0xx_rtc.o(.text)
    RTC_ITConfig                             0x08003bf1   Thumb Code    94  stm32f0xx_rtc.o(.text)
    RTC_GetFlagStatus                        0x08003c4f   Thumb Code    34  stm32f0xx_rtc.o(.text)
    RTC_ClearFlag                            0x08003c71   Thumb Code    26  stm32f0xx_rtc.o(.text)
    RTC_GetITStatus                          0x08003c8b   Thumb Code    70  stm32f0xx_rtc.o(.text)
    RTC_ClearITPendingBit                    0x08003cd1   Thumb Code    30  stm32f0xx_rtc.o(.text)
    SPI_I2S_DeInit                           0x08003d01   Thumb Code    52  stm32f0xx_spi.o(.text)
    SPI_StructInit                           0x08003d35   Thumb Code    30  stm32f0xx_spi.o(.text)
    SPI_Init                                 0x08003d53   Thumb Code    76  stm32f0xx_spi.o(.text)
    I2S_StructInit                           0x08003d9f   Thumb Code    20  stm32f0xx_spi.o(.text)
    I2S_Init                                 0x08003db3   Thumb Code   228  stm32f0xx_spi.o(.text)
    SPI_Cmd                                  0x08003e97   Thumb Code    26  stm32f0xx_spi.o(.text)
    SPI_TIModeCmd                            0x08003eb1   Thumb Code    26  stm32f0xx_spi.o(.text)
    I2S_Cmd                                  0x08003ecb   Thumb Code    26  stm32f0xx_spi.o(.text)
    SPI_DataSizeConfig                       0x08003ee5   Thumb Code    20  stm32f0xx_spi.o(.text)
    SPI_RxFIFOThresholdConfig                0x08003ef9   Thumb Code    16  stm32f0xx_spi.o(.text)
    SPI_BiDirectionalLineConfig              0x08003f09   Thumb Code    28  stm32f0xx_spi.o(.text)
    SPI_NSSInternalSoftwareConfig            0x08003f25   Thumb Code    32  stm32f0xx_spi.o(.text)
    SPI_SSOutputCmd                          0x08003f45   Thumb Code    24  stm32f0xx_spi.o(.text)
    SPI_NSSPulseModeCmd                      0x08003f5d   Thumb Code    26  stm32f0xx_spi.o(.text)
    SPI_SendData8                            0x08003f77   Thumb Code    10  stm32f0xx_spi.o(.text)
    SPI_I2S_SendData16                       0x08003f81   Thumb Code     4  stm32f0xx_spi.o(.text)
    SPI_ReceiveData8                         0x08003f85   Thumb Code    12  stm32f0xx_spi.o(.text)
    SPI_I2S_ReceiveData16                    0x08003f91   Thumb Code     6  stm32f0xx_spi.o(.text)
    SPI_CRCLengthConfig                      0x08003f97   Thumb Code    16  stm32f0xx_spi.o(.text)
    SPI_CalculateCRC                         0x08003fa7   Thumb Code    26  stm32f0xx_spi.o(.text)
    SPI_TransmitCRC                          0x08003fc1   Thumb Code    12  stm32f0xx_spi.o(.text)
    SPI_GetCRC                               0x08003fcd   Thumb Code    16  stm32f0xx_spi.o(.text)
    SPI_GetCRCPolynomial                     0x08003fdd   Thumb Code     6  stm32f0xx_spi.o(.text)
    SPI_I2S_DMACmd                           0x08003fe3   Thumb Code    20  stm32f0xx_spi.o(.text)
    SPI_LastDMATransferCmd                   0x08003ff7   Thumb Code    16  stm32f0xx_spi.o(.text)
    SPI_I2S_ITConfig                         0x08004007   Thumb Code    34  stm32f0xx_spi.o(.text)
    SPI_GetTransmissionFIFOStatus            0x08004029   Thumb Code    12  stm32f0xx_spi.o(.text)
    SPI_GetReceptionFIFOStatus               0x08004035   Thumb Code    12  stm32f0xx_spi.o(.text)
    SPI_I2S_GetFlagStatus                    0x08004041   Thumb Code    20  stm32f0xx_spi.o(.text)
    SPI_I2S_ClearFlag                        0x08004055   Thumb Code     6  stm32f0xx_spi.o(.text)
    SPI_I2S_GetITStatus                      0x0800405b   Thumb Code    56  stm32f0xx_spi.o(.text)
    SYSCFG_DeInit                            0x080040bd   Thumb Code    40  stm32f0xx_syscfg.o(.text)
    SYSCFG_MemoryRemapConfig                 0x080040e5   Thumb Code    24  stm32f0xx_syscfg.o(.text)
    SYSCFG_DMAChannelRemapConfig             0x080040fd   Thumb Code    28  stm32f0xx_syscfg.o(.text)
    SYSCFG_I2CFastModePlusConfig             0x08004119   Thumb Code    28  stm32f0xx_syscfg.o(.text)
    SYSCFG_EXTILineConfig                    0x08004135   Thumb Code    66  stm32f0xx_syscfg.o(.text)
    SYSCFG_BreakConfig                       0x08004177   Thumb Code    12  stm32f0xx_syscfg.o(.text)
    SYSCFG_GetFlagStatus                     0x08004183   Thumb Code    26  stm32f0xx_syscfg.o(.text)
    SYSCFG_ClearFlag                         0x0800419d   Thumb Code    12  stm32f0xx_syscfg.o(.text)
    memcmp                                   0x080041ad   Thumb Code    90  memcmp.o(.text)
    strlen                                   0x08004209   Thumb Code    62  strlen.o(.text)
    __aeabi_memcpy                           0x0800424d   Thumb Code   130  rt_memcpy.o(.text)
    __rt_memcpy                              0x0800424d   Thumb Code     0  rt_memcpy.o(.text)
    _memset_w                                0x080042cf   Thumb Code    26  rt_memclr.o(.text)
    _memset                                  0x080042e9   Thumb Code    30  rt_memclr.o(.text)
    __aeabi_memclr                           0x08004307   Thumb Code     4  rt_memclr.o(.text)
    __rt_memclr                              0x08004307   Thumb Code     0  rt_memclr.o(.text)
    __aeabi_memclr4                          0x0800430b   Thumb Code     0  rt_memclr.o(.text)
    __aeabi_memclr8                          0x0800430b   Thumb Code     0  rt_memclr.o(.text)
    __rt_memclr_w                            0x0800430b   Thumb Code     4  rt_memclr.o(.text)
    __aeabi_uidiv                            0x0800430f   Thumb Code     0  aeabi_sdiv.o(.text)
    __aeabi_uidivmod                         0x0800430f   Thumb Code    20  aeabi_sdiv.o(.text)
    __aeabi_idiv                             0x08004323   Thumb Code     0  aeabi_sdiv.o(.text)
    __aeabi_idivmod                          0x08004323   Thumb Code   326  aeabi_sdiv.o(.text)
    __user_setup_stackheap                   0x08004469   Thumb Code    62  sys_stackheap_outer.o(.text)
    exit                                     0x080044a7   Thumb Code    16  exit.o(.text)
    Reset_Handler                            0x080044b9   Thumb Code     8  startup_stm32f0xx.o(.text)
    ADC1_COMP_IRQHandler                     0x080044cb   Thumb Code     0  startup_stm32f0xx.o(.text)
    CEC_IRQHandler                           0x080044cb   Thumb Code     0  startup_stm32f0xx.o(.text)
    DMA1_Channel1_IRQHandler                 0x080044cb   Thumb Code     0  startup_stm32f0xx.o(.text)
    DMA1_Channel2_3_IRQHandler               0x080044cb   Thumb Code     0  startup_stm32f0xx.o(.text)
    DMA1_Channel4_5_IRQHandler               0x080044cb   Thumb Code     0  startup_stm32f0xx.o(.text)
    EXTI0_1_IRQHandler                       0x080044cb   Thumb Code     0  startup_stm32f0xx.o(.text)
    EXTI2_3_IRQHandler                       0x080044cb   Thumb Code     0  startup_stm32f0xx.o(.text)
    FLASH_IRQHandler                         0x080044cb   Thumb Code     0  startup_stm32f0xx.o(.text)
    I2C1_IRQHandler                          0x080044cb   Thumb Code     0  startup_stm32f0xx.o(.text)
    PVD_IRQHandler                           0x080044cb   Thumb Code     0  startup_stm32f0xx.o(.text)
    RCC_IRQHandler                           0x080044cb   Thumb Code     0  startup_stm32f0xx.o(.text)
    RTC_IRQHandler                           0x080044cb   Thumb Code     0  startup_stm32f0xx.o(.text)
    SPI1_IRQHandler                          0x080044cb   Thumb Code     0  startup_stm32f0xx.o(.text)
    SPI2_IRQHandler                          0x080044cb   Thumb Code     0  startup_stm32f0xx.o(.text)
    TIM14_IRQHandler                         0x080044cb   Thumb Code     0  startup_stm32f0xx.o(.text)
    TIM15_IRQHandler                         0x080044cb   Thumb Code     0  startup_stm32f0xx.o(.text)
    TIM16_IRQHandler                         0x080044cb   Thumb Code     0  startup_stm32f0xx.o(.text)
    TIM17_IRQHandler                         0x080044cb   Thumb Code     0  startup_stm32f0xx.o(.text)
    TIM1_BRK_UP_TRG_COM_IRQHandler           0x080044cb   Thumb Code     0  startup_stm32f0xx.o(.text)
    TIM1_CC_IRQHandler                       0x080044cb   Thumb Code     0  startup_stm32f0xx.o(.text)
    TIM2_IRQHandler                          0x080044cb   Thumb Code     0  startup_stm32f0xx.o(.text)
    TIM3_IRQHandler                          0x080044cb   Thumb Code     0  startup_stm32f0xx.o(.text)
    TIM6_DAC_IRQHandler                      0x080044cb   Thumb Code     0  startup_stm32f0xx.o(.text)
    TS_IRQHandler                            0x080044cb   Thumb Code     0  startup_stm32f0xx.o(.text)
    WWDG_IRQHandler                          0x080044cb   Thumb Code     0  startup_stm32f0xx.o(.text)
    __user_initial_stackheap                 0x080044cd   Thumb Code     0  startup_stm32f0xx.o(.text)
    __user_libspace                          0x080044f1   Thumb Code     8  libspace.o(.text)
    __user_perproc_libspace                  0x080044f1   Thumb Code     0  libspace.o(.text)
    __user_perthread_libspace                0x080044f1   Thumb Code     0  libspace.o(.text)
    SetSysClock                              0x080044f9   Thumb Code   206  system_stm32f0xx.o(.text)
    SystemInit                               0x080045c7   Thumb Code   110  system_stm32f0xx.o(.text)
    SystemCoreClockUpdate                    0x08004635   Thumb Code   154  system_stm32f0xx.o(.text)
    _sys_exit                                0x080046f1   Thumb Code     8  sys_exit.o(.text)
    __use_two_region_memory                  0x080046fd   Thumb Code     2  heapauxi.o(.text)
    __rt_heap_escrow$2region                 0x080046ff   Thumb Code     2  heapauxi.o(.text)
    __rt_heap_expand$2region                 0x08004701   Thumb Code     2  heapauxi.o(.text)
    __I$use$semihosting                      0x08004703   Thumb Code     0  use_no_semi.o(.text)
    __use_no_semihosting_swi                 0x08004703   Thumb Code     2  use_no_semi.o(.text)
    __ARM_common_switch8                     0x08004705   Thumb Code    28  gpio.o(i.__ARM_common_switch8)
    __semihosting_library_function           0x08004705   Thumb Code     0  indicate_semi.o(.text)
    main                                     0x08004721   Thumb Code   212  main.o(i.main)
    Region$$Table$$Base                      0x08004804   Number         0  anon$$obj.o(Region$$Table)
    Region$$Table$$Limit                     0x08004824   Number         0  anon$$obj.o(Region$$Table)
    DataLen                                  0x20000000   Data           1  txrx.o(.data)
    DataLen_BC                               0x20000001   Data           1  txrx.o(.data)
    RFTxOccupied                             0x20000002   Data           1  txrx.o(.data)
    RFRxOccupied                             0x20000003   Data           1  txrx.o(.data)
    RFLqi                                    0x20000004   Data           1  txrx.o(.data)
    RSSI                                     0x20000005   Data           1  txrx.o(.data)
    RSSI_BC                                  0x20000006   Data           1  txrx.o(.data)
    RFRssi_temp                              0x20000007   Data           1  txrx.o(.data)
    rssi                                     0x20000008   Data           1  txrx.o(.data)
    RFTxState                                0x20000009   Data           1  txrx.o(.data)
    RFRxState                                0x2000000a   Data           1  txrx.o(.data)
    RFReceived                               0x2000000b   Data           1  txrx.o(.data)
    RFReceivedAutoNet                        0x2000000c   Data           1  txrx.o(.data)
    RFSleepState                             0x2000000d   Data           1  txrx.o(.data)
    TimeoutFlag                              0x2000000e   Data           1  txrx.o(.data)
    lightState                               0x2000000f   Data           1  txrx.o(.data)
    DataLen_temp                             0x20000010   Data           1  txrx.o(.data)
    function                                 0x20000014   Data           4  stm32f0xx_it.o(.data)
    Timer_Connect_Flag_Beacon                0x20000018   Data           4  stm32f0xx_it.o(.data)
    timer_ticks_Beacon                       0x2000001c   Data           4  stm32f0xx_it.o(.data)
    timer_period_Beacon                      0x20000020   Data           4  stm32f0xx_it.o(.data)
    BeaconTimerFlag                          0x20000024   Data           4  stm32f0xx_it.o(.data)
    Timer_Connect_Flag_IR_Beacon             0x20000028   Data           4  stm32f0xx_it.o(.data)
    timer_ticks_IR_Beacon                    0x2000002c   Data           4  stm32f0xx_it.o(.data)
    timer_period_IR_Beacon                   0x20000030   Data           4  stm32f0xx_it.o(.data)
    IR_BeaconTimerFlag                       0x20000034   Data           4  stm32f0xx_it.o(.data)
    timer_flag                               0x20000038   Data           8  stm32f0xx_it.o(.data)
    _Addr                                    0x20000040   Data           2  autonetapis.o(.data)
    _Type                                    0x20000042   Data           1  autonetapis.o(.data)
    _radioChannel                            0x20000043   Data           1  autonetapis.o(.data)
    _radioPanID                              0x20000044   Data           2  autonetapis.o(.data)
    BeaconEnabled                            0x20000048   Data           4  autonetapis.o(.data)
    num                                      0x2000004c   Data           4  autonetapis.o(.data)
    i                                        0x20000050   Data           4  autonetapis.o(.data)
    j                                        0x20000054   Data           4  autonetapis.o(.data)
    k                                        0x20000058   Data           4  autonetapis.o(.data)
    gps_m                                    0x2000005c   Data           4  autonetapis.o(.data)
    CheckTime                                0x20000060   Data           4  autonetapis.o(.data)
    ConfirmGroupTime                         0x20000064   Data           4  autonetapis.o(.data)
    TimObj                                   0x20000068   Data          36  st.o(.data)
    NbrOfDataToTransfer                      0x2000008c   Data           1  com.o(.data)
    NbrOfDataToRead                          0x2000008d   Data           1  com.o(.data)
    UartTxCount                              0x2000008e   Data           1  com.o(.data)
    UartRxCount                              0x20000090   Data           2  com.o(.data)
    UartRxCount2                             0x20000092   Data           2  com.o(.data)
    UartTxState                              0x20000094   Data           1  com.o(.data)
    UartRxState                              0x20000095   Data           1  com.o(.data)
    BufferLen                                0x20000096   Data           2  us2400apis.o(.data)
    SerialNumber                             0x20000098   Data           1  us2400apis.o(.data)
    SystemCoreClock                          0x200000ac   Data           4  system_stm32f0xx.o(.data)
    AHBPrescTable                            0x200000b0   Data          16  system_stm32f0xx.o(.data)
    RxData                                   0x200000c0   Data         128  txrx.o(.bss)
    Data                                     0x20000140   Data         128  txrx.o(.bss)
    RFTxBuffer                               0x200001c0   Data         255  txrx.o(.bss)
    Timer_Connect_Flag                       0x200002c0   Data          32  stm32f0xx_it.o(.bss)
    timer_ticks                              0x200002e0   Data          32  stm32f0xx_it.o(.bss)
    timer_period                             0x20000300   Data          32  stm32f0xx_it.o(.bss)
    UartTxBuffer                             0x20000320   Data          64  com.o(.bss)
    UartRxBuffer                             0x20000360   Data          64  com.o(.bss)
    UartRxBuffer2                            0x200003a0   Data          64  com.o(.bss)
    Buffer                                   0x200003e0   Data         256  us2400apis.o(.bss)
    Value                                    0x200004e0   Data         256  us2400apis.o(.bss)
    TxBuff                                   0x200005e0   Data         256  us2400apis.o(.bss)
    RxBuff                                   0x200006e0   Data         256  us2400apis.o(.bss)
    TxTempBuff                               0x200007e0   Data         256  us2400apis.o(.bss)
    __libspace_start                         0x200008e0   Data          96  libspace.o(.bss)
    __temporary_stack_top$libspace           0x20000940   Data           0  libspace.o(.bss)



==============================================================================

Memory Map of the image

  Image Entry point : 0x080000c1

  Load Region LR_IROM1 (Base: 0x08000000, Size: 0x000048e4, Max: 0x00010000, ABSOLUTE)

    Execution Region ER_IROM1 (Base: 0x08000000, Size: 0x00004824, Max: 0x00010000, ABSOLUTE)

    Base Addr    Size         Type   Attr      Idx    E Section Name        Object

    0x08000000   0x000000c0   Data   RO          945    RESET               AutoNet.lib(startup_stm32f0xx.o)
    0x080000c0   0x00000008   Code   RO          904  * !!!main             c_p.l(__main.o)
    0x080000c8   0x0000003c   Code   RO         1108    !!!scatter          c_p.l(__scatter.o)
    0x08000104   0x0000001a   Code   RO         1110    !!handler_copy      c_p.l(__scatter_copy.o)
    0x0800011e   0x00000002   PAD
    0x08000120   0x0000001c   Code   RO         1112    !!handler_zi        c_p.l(__scatter_zi.o)
    0x0800013c   0x00000002   Code   RO          942    .ARM.Collect$$libinit$$00000000  c_p.l(libinit.o)
    0x0800013e   0x00000000   Code   RO          963    .ARM.Collect$$libinit$$00000002  c_p.l(libinit2.o)
    0x0800013e   0x00000000   Code   RO          965    .ARM.Collect$$libinit$$00000004  c_p.l(libinit2.o)
    0x0800013e   0x00000000   Code   RO          968    .ARM.Collect$$libinit$$0000000A  c_p.l(libinit2.o)
    0x0800013e   0x00000000   Code   RO          970    .ARM.Collect$$libinit$$0000000C  c_p.l(libinit2.o)
    0x0800013e   0x00000000   Code   RO          972    .ARM.Collect$$libinit$$0000000E  c_p.l(libinit2.o)
    0x0800013e   0x00000000   Code   RO          975    .ARM.Collect$$libinit$$00000011  c_p.l(libinit2.o)
    0x0800013e   0x00000000   Code   RO          977    .ARM.Collect$$libinit$$00000013  c_p.l(libinit2.o)
    0x0800013e   0x00000000   Code   RO          979    .ARM.Collect$$libinit$$00000015  c_p.l(libinit2.o)
    0x0800013e   0x00000000   Code   RO          981    .ARM.Collect$$libinit$$00000017  c_p.l(libinit2.o)
    0x0800013e   0x00000000   Code   RO          983    .ARM.Collect$$libinit$$00000019  c_p.l(libinit2.o)
    0x0800013e   0x00000000   Code   RO          985    .ARM.Collect$$libinit$$0000001B  c_p.l(libinit2.o)
    0x0800013e   0x00000000   Code   RO          987    .ARM.Collect$$libinit$$0000001D  c_p.l(libinit2.o)
    0x0800013e   0x00000000   Code   RO          989    .ARM.Collect$$libinit$$0000001F  c_p.l(libinit2.o)
    0x0800013e   0x00000000   Code   RO          991    .ARM.Collect$$libinit$$00000021  c_p.l(libinit2.o)
    0x0800013e   0x00000000   Code   RO          993    .ARM.Collect$$libinit$$00000023  c_p.l(libinit2.o)
    0x0800013e   0x00000000   Code   RO          995    .ARM.Collect$$libinit$$00000025  c_p.l(libinit2.o)
    0x0800013e   0x00000000   Code   RO          999    .ARM.Collect$$libinit$$0000002C  c_p.l(libinit2.o)
    0x0800013e   0x00000000   Code   RO         1001    .ARM.Collect$$libinit$$0000002E  c_p.l(libinit2.o)
    0x0800013e   0x00000000   Code   RO         1003    .ARM.Collect$$libinit$$00000030  c_p.l(libinit2.o)
    0x0800013e   0x00000000   Code   RO         1005    .ARM.Collect$$libinit$$00000032  c_p.l(libinit2.o)
    0x0800013e   0x00000002   Code   RO         1006    .ARM.Collect$$libinit$$00000033  c_p.l(libinit2.o)
    0x08000140   0x00000002   Code   RO         1065    .ARM.Collect$$libshutdown$$00000000  c_p.l(libshutdown.o)
    0x08000142   0x00000000   Code   RO         1091    .ARM.Collect$$libshutdown$$00000002  c_p.l(libshutdown2.o)
    0x08000142   0x00000000   Code   RO         1093    .ARM.Collect$$libshutdown$$00000004  c_p.l(libshutdown2.o)
    0x08000142   0x00000000   Code   RO         1096    .ARM.Collect$$libshutdown$$00000007  c_p.l(libshutdown2.o)
    0x08000142   0x00000000   Code   RO         1099    .ARM.Collect$$libshutdown$$0000000A  c_p.l(libshutdown2.o)
    0x08000142   0x00000000   Code   RO         1101    .ARM.Collect$$libshutdown$$0000000C  c_p.l(libshutdown2.o)
    0x08000142   0x00000000   Code   RO         1104    .ARM.Collect$$libshutdown$$0000000F  c_p.l(libshutdown2.o)
    0x08000142   0x00000002   Code   RO         1105    .ARM.Collect$$libshutdown$$00000010  c_p.l(libshutdown2.o)
    0x08000144   0x00000000   Code   RO          906    .ARM.Collect$$rtentry$$00000000  c_p.l(__rtentry.o)
    0x08000144   0x00000000   Code   RO          912    .ARM.Collect$$rtentry$$00000002  c_p.l(__rtentry2.o)
    0x08000144   0x00000006   Code   RO          924    .ARM.Collect$$rtentry$$00000004  c_p.l(__rtentry4.o)
    0x0800014a   0x00000000   Code   RO          914    .ARM.Collect$$rtentry$$00000009  c_p.l(__rtentry2.o)
    0x0800014a   0x00000004   Code   RO          915    .ARM.Collect$$rtentry$$0000000A  c_p.l(__rtentry2.o)
    0x0800014e   0x00000000   Code   RO          917    .ARM.Collect$$rtentry$$0000000C  c_p.l(__rtentry2.o)
    0x0800014e   0x00000008   Code   RO          918    .ARM.Collect$$rtentry$$0000000D  c_p.l(__rtentry2.o)
    0x08000156   0x00000002   Code   RO          954    .ARM.Collect$$rtexit$$00000000  c_p.l(rtexit.o)
    0x08000158   0x00000000   Code   RO         1036    .ARM.Collect$$rtexit$$00000002  c_p.l(rtexit2.o)
    0x08000158   0x00000004   Code   RO         1037    .ARM.Collect$$rtexit$$00000003  c_p.l(rtexit2.o)
    0x0800015c   0x00000006   Code   RO         1038    .ARM.Collect$$rtexit$$00000004  c_p.l(rtexit2.o)
    0x08000162   0x00000002   PAD
    0x08000164   0x00000038   Code   RO          894    .emb_text           c_p.l(rt_memcpy.o)
    0x0800019c   0x00000184   Code   RO          192    .text               AutoNet.lib(txrx.o)
    0x08000320   0x000000ec   Code   RO          326    .text               AutoNet.lib(gpio.o)
    0x0800040c   0x000003c4   Code   RO          351    .text               AutoNet.lib(stm32f0xx_it.o)
    0x080007d0   0x0000017c   Code   RO          420    .text               AutoNet.lib(autonetapis.o)
    0x0800094c   0x000000f8   Code   RO          485    .text               AutoNet.lib(stm32f0xx_exti.o)
    0x08000a44   0x000001f0   Code   RO          505    .text               AutoNet.lib(stm32f0xx_gpio.o)
    0x08000c34   0x00000496   Code   RO          525    .text               AutoNet.lib(stm32f0xx_i2c.o)
    0x080010ca   0x00000002   PAD
    0x080010cc   0x0000054c   Code   RO          545    .text               AutoNet.lib(stm32f0xx_usart.o)
    0x08001618   0x00000194   Code   RO          565    .text               AutoNet.lib(config.o)
    0x080017ac   0x000001c4   Code   RO          589    .text               AutoNet.lib(spi.o)
    0x08001970   0x00000270   Code   RO          612    .text               AutoNet.lib(i2c.o)
    0x08001be0   0x000000d8   Code   RO          635    .text               AutoNet.lib(st.o)
    0x08001cb8   0x000002b0   Code   RO          661    .text               AutoNet.lib(com.o)
    0x08001f68   0x000006d8   Code   RO          685    .text               AutoNet.lib(us2400apis.o)
    0x08002640   0x000001e0   Code   RO          725    .text               AutoNet.lib(stm32f0xx_lp_modes.o)
    0x08002820   0x00000170   Code   RO          748    .text               AutoNet.lib(stm32f0xx_dma.o)
    0x08002990   0x000000b4   Code   RO          768    .text               AutoNet.lib(stm32f0xx_misc.o)
    0x08002a44   0x0000013c   Code   RO          788    .text               AutoNet.lib(stm32f0xx_pwr.o)
    0x08002b80   0x000005f8   Code   RO          808    .text               AutoNet.lib(stm32f0xx_rcc.o)
    0x08003178   0x00000b88   Code   RO          830    .text               AutoNet.lib(stm32f0xx_rtc.o)
    0x08003d00   0x000003bc   Code   RO          850    .text               AutoNet.lib(stm32f0xx_spi.o)
    0x080040bc   0x000000f0   Code   RO          870    .text               AutoNet.lib(stm32f0xx_syscfg.o)
    0x080041ac   0x0000005a   Code   RO          890    .text               c_p.l(memcmp.o)
    0x08004206   0x00000002   PAD
    0x08004208   0x00000044   Code   RO          892    .text               c_p.l(strlen.o)
    0x0800424c   0x00000082   Code   RO          895    .text               c_p.l(rt_memcpy.o)
    0x080042ce   0x00000040   Code   RO          898    .text               c_p.l(rt_memclr.o)
    0x0800430e   0x0000015a   Code   RO          900    .text               c_p.l(aeabi_sdiv.o)
    0x08004468   0x0000003e   Code   RO          928    .text               c_p.l(sys_stackheap_outer.o)
    0x080044a6   0x00000010   Code   RO          931    .text               c_p.l(exit.o)
    0x080044b6   0x00000002   PAD
    0x080044b8   0x00000038   Code   RO          946    .text               AutoNet.lib(startup_stm32f0xx.o)
    0x080044f0   0x00000008   Code   RO          950    .text               c_p.l(libspace.o)
    0x080044f8   0x000001f8   Code   RO         1009    .text               AutoNet.lib(system_stm32f0xx.o)
    0x080046f0   0x0000000c   Code   RO         1033    .text               c_p.l(sys_exit.o)
    0x080046fc   0x00000006   Code   RO         1046    .text               c_p.l(heapauxi.o)
    0x08004702   0x00000002   Code   RO         1054    .text               c_p.l(use_no_semi.o)
    0x08004704   0x00000000   Code   RO         1056    .text               c_p.l(indicate_semi.o)
    0x08004704   0x0000001c   Code   RO          341    i.__ARM_common_switch8  AutoNet.lib(gpio.o)
    0x08004720   0x000000dc   Code   RO            3    i.main              main.o
    0x080047fc   0x00000008   Data   RO            4    .constdata          main.o
    0x08004804   0x00000020   Data   RO         1106    Region$$Table       anon$$obj.o


    Execution Region RW_IRAM1 (Base: 0x20000000, Size: 0x00000f40, Max: 0x00002000, ABSOLUTE)

    Base Addr    Size         Type   Attr      Idx    E Section Name        Object

    0x20000000   0x00000011   Data   RW          194    .data               AutoNet.lib(txrx.o)
    0x20000011   0x00000003   PAD
    0x20000014   0x0000002c   Data   RW          353    .data               AutoNet.lib(stm32f0xx_it.o)
    0x20000040   0x00000028   Data   RW          421    .data               AutoNet.lib(autonetapis.o)
    0x20000068   0x00000024   Data   RW          636    .data               AutoNet.lib(st.o)
    0x2000008c   0x0000000a   Data   RW          663    .data               AutoNet.lib(com.o)
    0x20000096   0x00000003   Data   RW          687    .data               AutoNet.lib(us2400apis.o)
    0x20000099   0x00000010   Data   RW          809    .data               AutoNet.lib(stm32f0xx_rcc.o)
    0x200000a9   0x00000003   PAD
    0x200000ac   0x00000014   Data   RW         1010    .data               AutoNet.lib(system_stm32f0xx.o)
    0x200000c0   0x000001ff   Zero   RW          193    .bss                AutoNet.lib(txrx.o)
    0x200002bf   0x00000001   PAD
    0x200002c0   0x00000060   Zero   RW          352    .bss                AutoNet.lib(stm32f0xx_it.o)
    0x20000320   0x000000c0   Zero   RW          662    .bss                AutoNet.lib(com.o)
    0x200003e0   0x00000500   Zero   RW          686    .bss                AutoNet.lib(us2400apis.o)
    0x200008e0   0x00000060   Zero   RW          951    .bss                c_p.l(libspace.o)
    0x20000940   0x00000200   Zero   RW          944    HEAP                AutoNet.lib(startup_stm32f0xx.o)
    0x20000b40   0x00000400   Zero   RW          943    STACK               AutoNet.lib(startup_stm32f0xx.o)


==============================================================================

Image component sizes


      Code (inc. data)   RO Data    RW Data    ZI Data      Debug   Object Name

       220          8          8          0          0       5415   main.o

    ----------------------------------------------------------------------
       220          8         40          0          0       5415   Object Totals
         0          0         32          0          0          0   (incl. Generated)
         0          0          0          0          0          0   (incl. Padding)

    ----------------------------------------------------------------------

      Code (inc. data)   RO Data    RW Data    ZI Data      Debug   Library Member Name

       380         16          0         40          0      93027   autonetapis.o
       688         34          0         10        192       3172   com.o
       404         14          0          0          0       1270   config.o
       264         24          0          0          0       1191   gpio.o
       624         14          0          0          0       2163   i2c.o
       452         16          0          0          0       1337   spi.o
       216         20          0         36          0       7178   st.o
        56         26        192          0       1536        724   startup_stm32f0xx.o
       368         12          0          0          0       3526   stm32f0xx_dma.o
       248         12          0          0          0       2303   stm32f0xx_exti.o
       496         22          0          0          0       3813   stm32f0xx_gpio.o
      1174         24          0          0          0      10034   stm32f0xx_i2c.o
       964         86          0         44         96       4538   stm32f0xx_it.o
       480          0          0          0          0       1839   stm32f0xx_lp_modes.o
       180         14          0          0          0       1428   stm32f0xx_misc.o
       316         10          0          0          0       2214   stm32f0xx_pwr.o
      1528         42          0         16          0       8678   stm32f0xx_rcc.o
      2952         52          0          0          0      13344   stm32f0xx_rtc.o
       956         42          0          0          0       7799   stm32f0xx_spi.o
       240          4          0          0          0       2050   stm32f0xx_syscfg.o
      1356         16          0          0          0      11966   stm32f0xx_usart.o
       504         34          0         20          0       1651   system_stm32f0xx.o
       388         52          0         17        511     150840   txrx.o
      1752         48          0          3       1280       5409   us2400apis.o
         8          0          0          0          0         68   __main.o
         0          0          0          0          0          0   __rtentry.o
        12          0          0          0          0          0   __rtentry2.o
         6          0          0          0          0          0   __rtentry4.o
        60          8          0          0          0          0   __scatter.o
        26          0          0          0          0          0   __scatter_copy.o
        28          0          0          0          0          0   __scatter_zi.o
       346          0          0          0          0         92   aeabi_sdiv.o
        16          0          0          0          0         68   exit.o
         6          0          0          0          0        136   heapauxi.o
         0          0          0          0          0          0   indicate_semi.o
         2          0          0          0          0          0   libinit.o
         2          0          0          0          0          0   libinit2.o
         2          0          0          0          0          0   libshutdown.o
         2          0          0          0          0          0   libshutdown2.o
         8          4          0          0         96         68   libspace.o
        90          0          0          0          0         68   memcmp.o
        64          0          0          0          0        108   rt_memclr.o
       186          0          0          0          0        144   rt_memcpy.o
         2          0          0          0          0          0   rtexit.o
        10          0          0          0          0          0   rtexit2.o
        68          6          0          0          0         72   strlen.o
        12          4          0          0          0         60   sys_exit.o
        62          0          0          0          0         80   sys_stackheap_outer.o
         2          0          0          0          0         68   use_no_semi.o

    ----------------------------------------------------------------------
     18016        656        192        192       3712     342526   Library Totals
        10          0          0          6          1          0   (incl. Padding)

    ----------------------------------------------------------------------

      Code (inc. data)   RO Data    RW Data    ZI Data      Debug   Library Name

     16986        634        192        186       3615     341494   AutoNet.lib
      1020         22          0          0         96       1032   c_p.l

    ----------------------------------------------------------------------
     18016        656        192        192       3712     342526   Library Totals

    ----------------------------------------------------------------------

==============================================================================


      Code (inc. data)   RO Data    RW Data    ZI Data      Debug   

     18236        664        232        192       3712     345457   Grand Totals
     18236        664        232        192       3712     345457   ELF Image Totals
     18236        664        232        192          0          0   ROM Totals

==============================================================================

    Total RO  Size (Code + RO Data)                18468 (  18.04kB)
    Total RW  Size (RW Data + ZI Data)              3904 (   3.81kB)
    Total ROM Size (Code + RO Data + RW Data)      18660 (  18.22kB)

==============================================================================

